Archive member included to satisfy reference by file (symbol)

C:/ST/STM32CubeIDE_1.16.1/STM32CubeIDE/plugins/com.st.stm32cube.ide.mcu.externaltools.gnu-tools-for-stm32.12.3.rel1.win32_1.0.200.202406191623/tools/bin/../lib/gcc/arm-none-eabi/12.3.1/../../../../arm-none-eabi/lib/thumb/v7e-m+fp/hard\libc_nano.a(libc_a-exit.o)
                              C:/ST/STM32CubeIDE_1.16.1/STM32CubeIDE/plugins/com.st.stm32cube.ide.mcu.externaltools.gnu-tools-for-stm32.12.3.rel1.win32_1.0.200.202406191623/tools/bin/../lib/gcc/arm-none-eabi/12.3.1/../../../../arm-none-eabi/lib/thumb/v7e-m+fp/hard/crt0.o (exit)
C:/ST/STM32CubeIDE_1.16.1/STM32CubeIDE/plugins/com.st.stm32cube.ide.mcu.externaltools.gnu-tools-for-stm32.12.3.rel1.win32_1.0.200.202406191623/tools/bin/../lib/gcc/arm-none-eabi/12.3.1/../../../../arm-none-eabi/lib/thumb/v7e-m+fp/hard\libc_nano.a(libc_a-malloc.o)
                              ./Middlewares/ST/STM32_USB_Host_Library/Class/CDC/Src/usbh_cdc.o (malloc)
C:/ST/STM32CubeIDE_1.16.1/STM32CubeIDE/plugins/com.st.stm32cube.ide.mcu.externaltools.gnu-tools-for-stm32.12.3.rel1.win32_1.0.200.202406191623/tools/bin/../lib/gcc/arm-none-eabi/12.3.1/../../../../arm-none-eabi/lib/thumb/v7e-m+fp/hard\libc_nano.a(libc_a-mallocr.o)
                              C:/ST/STM32CubeIDE_1.16.1/STM32CubeIDE/plugins/com.st.stm32cube.ide.mcu.externaltools.gnu-tools-for-stm32.12.3.rel1.win32_1.0.200.202406191623/tools/bin/../lib/gcc/arm-none-eabi/12.3.1/../../../../arm-none-eabi/lib/thumb/v7e-m+fp/hard\libc_nano.a(libc_a-malloc.o) (_malloc_r)
C:/ST/STM32CubeIDE_1.16.1/STM32CubeIDE/plugins/com.st.stm32cube.ide.mcu.externaltools.gnu-tools-for-stm32.12.3.rel1.win32_1.0.200.202406191623/tools/bin/../lib/gcc/arm-none-eabi/12.3.1/../../../../arm-none-eabi/lib/thumb/v7e-m+fp/hard\libc_nano.a(libc_a-mlock.o)
                              C:/ST/STM32CubeIDE_1.16.1/STM32CubeIDE/plugins/com.st.stm32cube.ide.mcu.externaltools.gnu-tools-for-stm32.12.3.rel1.win32_1.0.200.202406191623/tools/bin/../lib/gcc/arm-none-eabi/12.3.1/../../../../arm-none-eabi/lib/thumb/v7e-m+fp/hard\libc_nano.a(libc_a-mallocr.o) (__malloc_lock)
C:/ST/STM32CubeIDE_1.16.1/STM32CubeIDE/plugins/com.st.stm32cube.ide.mcu.externaltools.gnu-tools-for-stm32.12.3.rel1.win32_1.0.200.202406191623/tools/bin/../lib/gcc/arm-none-eabi/12.3.1/../../../../arm-none-eabi/lib/thumb/v7e-m+fp/hard\libc_nano.a(libc_a-findfp.o)
                              C:/ST/STM32CubeIDE_1.16.1/STM32CubeIDE/plugins/com.st.stm32cube.ide.mcu.externaltools.gnu-tools-for-stm32.12.3.rel1.win32_1.0.200.202406191623/tools/bin/../lib/gcc/arm-none-eabi/12.3.1/../../../../arm-none-eabi/lib/thumb/v7e-m+fp/hard\libc_nano.a(libc_a-exit.o) (__stdio_exit_handler)
C:/ST/STM32CubeIDE_1.16.1/STM32CubeIDE/plugins/com.st.stm32cube.ide.mcu.externaltools.gnu-tools-for-stm32.12.3.rel1.win32_1.0.200.202406191623/tools/bin/../lib/gcc/arm-none-eabi/12.3.1/../../../../arm-none-eabi/lib/thumb/v7e-m+fp/hard\libc_nano.a(libc_a-fwalk.o)
                              C:/ST/STM32CubeIDE_1.16.1/STM32CubeIDE/plugins/com.st.stm32cube.ide.mcu.externaltools.gnu-tools-for-stm32.12.3.rel1.win32_1.0.200.202406191623/tools/bin/../lib/gcc/arm-none-eabi/12.3.1/../../../../arm-none-eabi/lib/thumb/v7e-m+fp/hard\libc_nano.a(libc_a-findfp.o) (_fwalk_sglue)
C:/ST/STM32CubeIDE_1.16.1/STM32CubeIDE/plugins/com.st.stm32cube.ide.mcu.externaltools.gnu-tools-for-stm32.12.3.rel1.win32_1.0.200.202406191623/tools/bin/../lib/gcc/arm-none-eabi/12.3.1/../../../../arm-none-eabi/lib/thumb/v7e-m+fp/hard\libc_nano.a(libc_a-stdio.o)
                              C:/ST/STM32CubeIDE_1.16.1/STM32CubeIDE/plugins/com.st.stm32cube.ide.mcu.externaltools.gnu-tools-for-stm32.12.3.rel1.win32_1.0.200.202406191623/tools/bin/../lib/gcc/arm-none-eabi/12.3.1/../../../../arm-none-eabi/lib/thumb/v7e-m+fp/hard\libc_nano.a(libc_a-findfp.o) (__sread)
C:/ST/STM32CubeIDE_1.16.1/STM32CubeIDE/plugins/com.st.stm32cube.ide.mcu.externaltools.gnu-tools-for-stm32.12.3.rel1.win32_1.0.200.202406191623/tools/bin/../lib/gcc/arm-none-eabi/12.3.1/../../../../arm-none-eabi/lib/thumb/v7e-m+fp/hard\libc_nano.a(libc_a-memset.o)
                              C:/ST/STM32CubeIDE_1.16.1/STM32CubeIDE/plugins/com.st.stm32cube.ide.mcu.externaltools.gnu-tools-for-stm32.12.3.rel1.win32_1.0.200.202406191623/tools/bin/../lib/gcc/arm-none-eabi/12.3.1/../../../../arm-none-eabi/lib/thumb/v7e-m+fp/hard/crt0.o (memset)
C:/ST/STM32CubeIDE_1.16.1/STM32CubeIDE/plugins/com.st.stm32cube.ide.mcu.externaltools.gnu-tools-for-stm32.12.3.rel1.win32_1.0.200.202406191623/tools/bin/../lib/gcc/arm-none-eabi/12.3.1/../../../../arm-none-eabi/lib/thumb/v7e-m+fp/hard\libc_nano.a(libc_a-closer.o)
                              C:/ST/STM32CubeIDE_1.16.1/STM32CubeIDE/plugins/com.st.stm32cube.ide.mcu.externaltools.gnu-tools-for-stm32.12.3.rel1.win32_1.0.200.202406191623/tools/bin/../lib/gcc/arm-none-eabi/12.3.1/../../../../arm-none-eabi/lib/thumb/v7e-m+fp/hard\libc_nano.a(libc_a-stdio.o) (_close_r)
[...]
Memory Configuration

Name             Origin             Length             Attributes
CCMRAM           0x10000000         0x00010000         xrw
RAM              0x20000000         0x00020000         xrw
FLASH            0x08000000         0x00100000         xr
*default*        0x00000000         0xffffffff

Linker script and memory map

LOAD C:/ST/STM32CubeIDE_1.16.1/STM32CubeIDE/plugins/com.st.stm32cube.ide.mcu.externaltools.gnu-tools-for-stm32.12.3.rel1.win32_1.0.200.202406191623/tools/bin/../lib/gcc/arm-none-eabi/12.3.1/thumb/v7e-m+fp/hard/crti.o
LOAD C:/ST/STM32CubeIDE_1.16.1/STM32CubeIDE/plugins/com.st.stm32cube.ide.mcu.externaltools.gnu-tools-for-stm32.12.3.rel1.win32_1.0.200.202406191623/tools/bin/../lib/gcc/arm-none-eabi/12.3.1/thumb/v7e-m+fp/hard/crtbegin.o
LOAD C:/ST/STM32CubeIDE_1.16.1/STM32CubeIDE/plugins/com.st.stm32cube.ide.mcu.externaltools.gnu-tools-for-stm32.12.3.rel1.win32_1.0.200.202406191623/tools/bin/../lib/gcc/arm-none-eabi/12.3.1/../../../../arm-none-eabi/lib/thumb/v7e-m+fp/hard/crt0.o
LOAD ./Core/Src/main.o
LOAD ./Core/Src/movent.o
LOAD ./Core/Src/readdata.o
LOAD ./Core/Src/stm32f4xx_hal_msp.o
LOAD ./Core/Src/stm32f4xx_it.o
LOAD ./Core/Src/syscalls.o
LOAD ./Core/Src/sysmem.o
LOAD ./Core/Src/system_stm32f4xx.o
LOAD ./Core/Startup/startup_stm32f407vgtx.o
LOAD ./Drivers/STM32F4xx_HAL_Driver/Src/stm32f4xx_hal.o
LOAD ./Drivers/STM32F4xx_HAL_Driver/Src/stm32f4xx_hal_cortex.o
LOAD ./Drivers/STM32F4xx_HAL_Driver/Src/stm32f4xx_hal_dma.o
LOAD ./Drivers/STM32F4xx_HAL_Driver/Src/stm32f4xx_hal_dma_ex.o
LOAD ./Drivers/STM32F4xx_HAL_Driver/Src/stm32f4xx_hal_exti.o
LOAD ./Drivers/STM32F4xx_HAL_Driver/Src/stm32f4xx_hal_flash.o
LOAD ./Drivers/STM32F4xx_HAL_Driver/Src/stm32f4xx_hal_flash_ex.o
LOAD ./Drivers/STM32F4xx_HAL_Driver/Src/stm32f4xx_hal_flash_ramfunc.o
LOAD ./Drivers/STM32F4xx_HAL_Driver/Src/stm32f4xx_hal_gpio.o
LOAD ./Drivers/STM32F4xx_HAL_Driver/Src/stm32f4xx_hal_hcd.o
LOAD ./Drivers/STM32F4xx_HAL_Driver/Src/stm32f4xx_hal_i2c.o
LOAD ./Drivers/STM32F4xx_HAL_Driver/Src/stm32f4xx_hal_i2c_ex.o
LOAD ./Drivers/STM32F4xx_HAL_Driver/Src/stm32f4xx_hal_pwr.o
LOAD ./Drivers/STM32F4xx_HAL_Driver/Src/stm32f4xx_hal_pwr_ex.o
LOAD ./Drivers/STM32F4xx_HAL_Driver/Src/stm32f4xx_hal_rcc.o
LOAD ./Drivers/STM32F4xx_HAL_Driver/Src/stm32f4xx_hal_rcc_ex.o
LOAD ./Drivers/STM32F4xx_HAL_Driver/Src/stm32f4xx_hal_spi.o
LOAD ./Drivers/STM32F4xx_HAL_Driver/Src/stm32f4xx_hal_tim.o
LOAD ./Drivers/STM32F4xx_HAL_Driver/Src/stm32f4xx_hal_tim_ex.o
LOAD ./Drivers/STM32F4xx_HAL_Driver/Src/stm32f4xx_ll_usb.o
LOAD ./Middlewares/ST/STM32_USB_Host_Library/Class/CDC/Src/usbh_cdc.o
LOAD ./Middlewares/ST/STM32_USB_Host_Library/Core/Src/usbh_core.o
LOAD ./Middlewares/ST/STM32_USB_Host_Library/Core/Src/usbh_ctlreq.o
LOAD ./Middlewares/ST/STM32_USB_Host_Library/Core/Src/usbh_ioreq.o
LOAD ./Middlewares/ST/STM32_USB_Host_Library/Core/Src/usbh_pipes.o
LOAD ./USB_HOST/App/usb_host.o
LOAD ./USB_HOST/Target/usbh_conf.o
LOAD ./USB_HOST/Target/usbh_platform.o
START GROUP
LOAD C:/ST/STM32CubeIDE_1.16.1/STM32CubeIDE/plugins/com.st.stm32cube.ide.mcu.externaltools.gnu-tools-for-stm32.12.3.rel1.win32_1.0.200.202406191623/tools/bin/../lib/gcc/arm-none-eabi/12.3.1/../../../../arm-none-eabi/lib/thumb/v7e-m+fp/hard\libc_nano.a
LOAD C:/ST/STM32CubeIDE_1.16.1/STM32CubeIDE/plugins/com.st.stm32cube.ide.mcu.externaltools.gnu-tools-for-stm32.12.3.rel1.win32_1.0.200.202406191623/tools/bin/../lib/gcc/arm-none-eabi/12.3.1/../../../../arm-none-eabi/lib/thumb/v7e-m+fp/hard\libm.a
END GROUP
START GROUP
LOAD C:/ST/STM32CubeIDE_1.16.1/STM32CubeIDE/plugins/com.st.stm32cube.ide.mcu.externaltools.gnu-tools-for-stm32.12.3.rel1.win32_1.0.200.202406191623/tools/bin/../lib/gcc/arm-none-eabi/12.3.1/thumb/v7e-m+fp/hard\libgcc.a
LOAD C:/ST/STM32CubeIDE_1.16.1/STM32CubeIDE/plugins/com.st.stm32cube.ide.mcu.externaltools.gnu-tools-for-stm32.12.3.rel1.win32_1.0.200.202406191623/tools/bin/../lib/gcc/arm-none-eabi/12.3.1/../../../../arm-none-eabi/lib/thumb/v7e-m+fp/hard\libc_nano.a
END GROUP
START GROUP
LOAD C:/ST/STM32CubeIDE_1.16.1/STM32CubeIDE/plugins/com.st.stm32cube.ide.mcu.externaltools.gnu-tools-for-stm32.12.3.rel1.win32_1.0.200.202406191623/tools/bin/../lib/gcc/arm-none-eabi/12.3.1/thumb/v7e-m+fp/hard\libgcc.a
LOAD C:/ST/STM32CubeIDE_1.16.1/STM32CubeIDE/plugins/com.st.stm32cube.ide.mcu.externaltools.gnu-tools-for-stm32.12.3.rel1.win32_1.0.200.202406191623/tools/bin/../lib/gcc/arm-none-eabi/12.3.1/../../../../arm-none-eabi/lib/thumb/v7e-m+fp/hard\libc_nano.a
LOAD C:/ST/STM32CubeIDE_1.16.1/STM32CubeIDE/plugins/com.st.stm32cube.ide.mcu.externaltools.gnu-tools-for-stm32.12.3.rel1.win32_1.0.200.202406191623/tools/bin/../lib/gcc/arm-none-eabi/12.3.1/../../../../arm-none-eabi/lib/thumb/v7e-m+fp/hard\libnosys.a
END GROUP
START GROUP
LOAD C:/ST/STM32CubeIDE_1.16.1/STM32CubeIDE/plugins/com.st.stm32cube.ide.mcu.externaltools.gnu-tools-for-stm32.12.3.rel1.win32_1.0.200.202406191623/tools/bin/../lib/gcc/arm-none-eabi/12.3.1/thumb/v7e-m+fp/hard\libgcc.a
LOAD C:/ST/STM32CubeIDE_1.16.1/STM32CubeIDE/plugins/com.st.stm32cube.ide.mcu.externaltools.gnu-tools-for-stm32.12.3.rel1.win32_1.0.200.202406191623/tools/bin/../lib/gcc/arm-none-eabi/12.3.1/../../../../arm-none-eabi/lib/thumb/v7e-m+fp/hard\libc_nano.a
LOAD C:/ST/STM32CubeIDE_1.16.1/STM32CubeIDE/plugins/com.st.stm32cube.ide.mcu.externaltools.gnu-tools-for-stm32.12.3.rel1.win32_1.0.200.202406191623/tools/bin/../lib/gcc/arm-none-eabi/12.3.1/../../../../arm-none-eabi/lib/thumb/v7e-m+fp/hard\libnosys.a
END GROUP
LOAD C:/ST/STM32CubeIDE_1.16.1/STM32CubeIDE/plugins/com.st.stm32cube.ide.mcu.externaltools.gnu-tools-for-stm32.12.3.rel1.win32_1.0.200.202406191623/tools/bin/../lib/gcc/arm-none-eabi/12.3.1/thumb/v7e-m+fp/hard/crtend.o
LOAD C:/ST/STM32CubeIDE_1.16.1/STM32CubeIDE/plugins/com.st.stm32cube.ide.mcu.externaltools.gnu-tools-for-stm32.12.3.rel1.win32_1.0.200.202406191623/tools/bin/../lib/gcc/arm-none-eabi/12.3.1/thumb/v7e-m+fp/hard/crtn.o
                0x20020000                        _estack = (ORIGIN (RAM) + LENGTH (RAM))
                0x00000200                        _Min_Heap_Size = 0x200
                0x00000400                        _Min_Stack_Size = 0x400

.isr_vector     0x08000000      0x188
                0x08000000                        . = ALIGN (0x4)
 *(.isr_vector)
 .isr_vector    0x08000000      0x188 ./Core/Startup/startup_stm32f407vgtx.o
                0x08000000                g_pfnVectors
                0x08000188                        . = ALIGN (0x4)

.text           0x08000188     0x9f08
                0x08000188                        . = ALIGN (0x4)
 *(.text)
 .text          0x08000188       0x40 C:/ST/STM32CubeIDE_1.16.1/STM32CubeIDE/plugins/com.st.stm32cube.ide.mcu.externaltools.gnu-tools-for-stm32.12.3.rel1.win32_1.0.200.202406191623/tools/bin/../lib/gcc/arm-none-eabi/12.3.1/thumb/v7e-m+fp/hard/crtbegin.o
 .text          0x080001c8       0x30 C:/ST/STM32CubeIDE_1.16.1/STM32CubeIDE/plugins/com.st.stm32cube.ide.mcu.externaltools.gnu-tools-for-stm32.12.3.rel1.win32_1.0.200.202406191623/tools/bin/../lib/gcc/arm-none-eabi/12.3.1/thumb/v7e-m+fp/hard\libgcc.a(_aeabi_uldivmod.o)
                0x080001c8                __aeabi_uldivmod
 .text          0x080001f8      0x2bc C:/ST/STM32CubeIDE_1.16.1/STM32CubeIDE/plugins/com.st.stm32cube.ide.mcu.externaltools.gnu-tools-for-stm32.12.3.rel1.win32_1.0.200.202406191623/tools/bin/../lib/gcc/arm-none-eabi/12.3.1/thumb/v7e-m+fp/hard\libgcc.a(_udivmoddi4.o)
                0x080001f8                __udivmoddi4
 .text          0x080004b4        0x4 C:/ST/STM32CubeIDE_1.16.1/STM32CubeIDE/plugins/com.st.stm32cube.ide.mcu.externaltools.gnu-tools-for-stm32.12.3.rel1.win32_1.0.200.202406191623/tools/bin/../lib/gcc/arm-none-eabi/12.3.1/thumb/v7e-m+fp/hard\libgcc.a(_dvmd_tls.o)
                0x080004b4                __aeabi_idiv0
                0x080004b4                __aeabi_ldiv0
 *(.text*)
 .text.main     0x080004b8       0xa4 ./Core/Src/main.o
                0x080004b8                main
 .text.SystemClock_Config
                0x0800055c       0xd4 ./Core/Src/main.o
                0x0800055c                SystemClock_Config
 .text.MX_I2C1_Init
                0x08000630       0x5c ./Core/Src/main.o
 .text.MX_SPI1_Init
                0x0800068c       0x6c ./Core/Src/main.o
 .text.MX_SPI2_Init
                0x080006f8       0x64 ./Core/Src/main.o
 .text.MX_TIM2_Init
                0x0800075c      0x12c ./Core/Src/main.o
 .text.MX_TIM3_Init
                0x08000888       0xec ./Core/Src/main.o
 .text.MX_GPIO_Init
                0x08000974      0x240 ./Core/Src/main.o
 .text.SPI_Slave_Receive
                0x08000bb4       0x24 ./Core/Src/main.o
                0x08000bb4                SPI_Slave_Receive
 .text.HAL_SPI_RxCpltCallback
                0x08000bd8       0x24 ./Core/Src/main.o
                0x08000bd8                HAL_SPI_RxCpltCallback
 .text.Error_Handler
                0x08000bfc        0xc ./Core/Src/main.o
                0x08000bfc                Error_Handler
 .text.motorController
                0x08000c08       0x38 ./Core/Src/movent.o
                0x08000c08                motorController
 .text.directionController
                0x08000c40      0x160 ./Core/Src/movent.o
                0x08000c40                directionController
 .text.steeringController
                0x08000da0       0x20 ./Core/Src/movent.o
                0x08000da0                steeringController
 .text.map      0x08000dc0       0x38 ./Core/Src/movent.o
                0x08000dc0                map
 .text.getAngleToPower
                0x08000df8       0x2e ./Core/Src/movent.o
                0x08000df8                getAngleToPower
 .text.MOVENT_Control
                0x08000e26       0x5e ./Core/Src/movent.o
                0x08000e26                MOVENT_Control
 .text.READ_ProcessReceivedData
                0x08000e84       0x24 ./Core/Src/readdata.o
                0x08000e84                READ_ProcessReceivedData
 .text.READ_Get_Data
                0x08000ea8       0x20 ./Core/Src/readdata.o
                0x08000ea8                READ_Get_Data
 .text.HAL_MspInit
                0x08000ec8       0x50 ./Core/Src/stm32f4xx_hal_msp.o
                0x08000ec8                HAL_MspInit
 .text.HAL_I2C_MspInit
                0x08000f18       0x90 ./Core/Src/stm32f4xx_hal_msp.o
                0x08000f18                HAL_I2C_MspInit
 .text.HAL_SPI_MspInit
                0x08000fa8      0x14c ./Core/Src/stm32f4xx_hal_msp.o
                0x08000fa8                HAL_SPI_MspInit
 .text.HAL_TIM_Base_MspInit
                0x080010f4       0x88 ./Core/Src/stm32f4xx_hal_msp.o
                0x080010f4                HAL_TIM_Base_MspInit
 .text.HAL_TIM_MspPostInit
                0x0800117c       0xc0 ./Core/Src/stm32f4xx_hal_msp.o
                0x0800117c                HAL_TIM_MspPostInit
 .text.NMI_Handler
                0x0800123c        0x8 ./Core/Src/stm32f4xx_it.o
                0x0800123c                NMI_Handler
 .text.HardFault_Handler
                0x08001244        0x8 ./Core/Src/stm32f4xx_it.o
                0x08001244                HardFault_Handler
 .text.MemManage_Handler
                0x0800124c        0x8 ./Core/Src/stm32f4xx_it.o
                0x0800124c                MemManage_Handler
 .text.BusFault_Handler
                0x08001254        0x8 ./Core/Src/stm32f4xx_it.o
                0x08001254                BusFault_Handler
 .text.UsageFault_Handler
                0x0800125c        0x8 ./Core/Src/stm32f4xx_it.o
                0x0800125c                UsageFault_Handler
 .text.SVC_Handler
                0x08001264        0xe ./Core/Src/stm32f4xx_it.o
                0x08001264                SVC_Handler
 .text.DebugMon_Handler
                0x08001272        0xe ./Core/Src/stm32f4xx_it.o
                0x08001272                DebugMon_Handler
 .text.PendSV_Handler
                0x08001280        0xe ./Core/Src/stm32f4xx_it.o
                0x08001280                PendSV_Handler
 .text.SysTick_Handler
                0x0800128e        0xc ./Core/Src/stm32f4xx_it.o
                0x0800128e                SysTick_Handler
 *fill*         0x0800129a        0x2 
 .text.TIM2_IRQHandler
                0x0800129c       0x14 ./Core/Src/stm32f4xx_it.o
                0x0800129c                TIM2_IRQHandler
 .text.TIM3_IRQHandler
                0x080012b0       0x14 ./Core/Src/stm32f4xx_it.o
                0x080012b0                TIM3_IRQHandler
 .text.SPI2_IRQHandler
                0x080012c4       0x14 ./Core/Src/stm32f4xx_it.o
                0x080012c4                SPI2_IRQHandler
 .text.OTG_FS_IRQHandler
                0x080012d8       0x14 ./Core/Src/stm32f4xx_it.o
                0x080012d8                OTG_FS_IRQHandler
 .text._sbrk    0x080012ec       0x6c ./Core/Src/sysmem.o
                0x080012ec                _sbrk
 .text.SystemInit
                0x08001358       0x24 ./Core/Src/system_stm32f4xx.o
                0x08001358                SystemInit
 .text.Reset_Handler
                0x0800137c       0x50 ./Core/Startup/startup_stm32f407vgtx.o
                0x0800137c                Reset_Handler
 .text.Default_Handler
                0x080013cc        0x2 ./Core/Startup/startup_stm32f407vgtx.o
                0x080013cc                RTC_Alarm_IRQHandler
                0x080013cc                HASH_RNG_IRQHandler
                0x080013cc                EXTI2_IRQHandler
                0x080013cc                TIM8_CC_IRQHandler
                0x080013cc                TIM1_CC_IRQHandler
                0x080013cc                DMA2_Stream5_IRQHandler
                0x080013cc                DMA1_Stream5_IRQHandler
                0x080013cc                PVD_IRQHandler
                0x080013cc                SDIO_IRQHandler
                0x080013cc                TAMP_STAMP_IRQHandler
                0x080013cc                CAN2_RX1_IRQHandler
                0x080013cc                EXTI3_IRQHandler
                0x080013cc                TIM8_TRG_COM_TIM14_IRQHandler
                0x080013cc                TIM1_UP_TIM10_IRQHandler
                0x080013cc                TIM8_UP_TIM13_IRQHandler
                0x080013cc                I2C3_ER_IRQHandler
                0x080013cc                EXTI0_IRQHandler
                0x080013cc                I2C2_EV_IRQHandler
                0x080013cc                DMA1_Stream2_IRQHandler
                0x080013cc                CAN1_RX0_IRQHandler
                0x080013cc                FPU_IRQHandler
                0x080013cc                OTG_HS_WKUP_IRQHandler
                0x080013cc                CAN2_SCE_IRQHandler
                0x080013cc                DMA2_Stream2_IRQHandler
                0x080013cc                SPI1_IRQHandler
                0x080013cc                TIM6_DAC_IRQHandler
                0x080013cc                TIM1_BRK_TIM9_IRQHandler
                0x080013cc                DCMI_IRQHandler
                0x080013cc                CAN2_RX0_IRQHandler
                0x080013cc                DMA2_Stream3_IRQHandler
                0x080013cc                USART6_IRQHandler
                0x080013cc                USART3_IRQHandler
                0x080013cc                CAN1_RX1_IRQHandler
                0x080013cc                UART5_IRQHandler
                0x080013cc                DMA2_Stream0_IRQHandler
                0x080013cc                TIM4_IRQHandler
                0x080013cc                I2C1_EV_IRQHandler
                0x080013cc                DMA1_Stream6_IRQHandler
                0x080013cc                DMA1_Stream1_IRQHandler
                0x080013cc                UART4_IRQHandler
                0x080013cc                RCC_IRQHandler
                0x080013cc                TIM8_BRK_TIM12_IRQHandler
                0x080013cc                Default_Handler
                0x080013cc                EXTI15_10_IRQHandler
                0x080013cc                ADC_IRQHandler
                0x080013cc                DMA1_Stream7_IRQHandler
                0x080013cc                TIM7_IRQHandler
                0x080013cc                CAN2_TX_IRQHandler
                0x080013cc                TIM5_IRQHandler
                0x080013cc                DMA2_Stream7_IRQHandler
                0x080013cc                I2C3_EV_IRQHandler
                0x080013cc                EXTI9_5_IRQHandler
                0x080013cc                RTC_WKUP_IRQHandler
                0x080013cc                ETH_WKUP_IRQHandler
                0x080013cc                OTG_HS_EP1_IN_IRQHandler
                0x080013cc                DMA1_Stream0_IRQHandler
                0x080013cc                CAN1_TX_IRQHandler
                0x080013cc                EXTI4_IRQHandler
                0x080013cc                FSMC_IRQHandler
                0x080013cc                ETH_IRQHandler
                0x080013cc                OTG_HS_EP1_OUT_IRQHandler
                0x080013cc                WWDG_IRQHandler
                0x080013cc                OTG_FS_WKUP_IRQHandler
                0x080013cc                TIM1_TRG_COM_TIM11_IRQHandler
                0x080013cc                OTG_HS_IRQHandler
                0x080013cc                EXTI1_IRQHandler
                0x080013cc                USART2_IRQHandler
                0x080013cc                I2C2_ER_IRQHandler
                0x080013cc                DMA2_Stream1_IRQHandler
                0x080013cc                CAN1_SCE_IRQHandler
                0x080013cc                FLASH_IRQHandler
                0x080013cc                DMA2_Stream4_IRQHandler
                0x080013cc                USART1_IRQHandler
                0x080013cc                SPI3_IRQHandler
                0x080013cc                DMA1_Stream4_IRQHandler
                0x080013cc                I2C1_ER_IRQHandler
                0x080013cc                DMA2_Stream6_IRQHandler
                0x080013cc                DMA1_Stream3_IRQHandler
 *fill*         0x080013ce        0x2 
 .text.HAL_Init
                0x080013d0       0x44 ./Drivers/STM32F4xx_HAL_Driver/Src/stm32f4xx_hal.o
                0x080013d0                HAL_Init
 .text.HAL_InitTick
                0x08001414       0x60 ./Drivers/STM32F4xx_HAL_Driver/Src/stm32f4xx_hal.o
                0x08001414                HAL_InitTick
 .text.HAL_IncTick
                0x08001474       0x28 ./Drivers/STM32F4xx_HAL_Driver/Src/stm32f4xx_hal.o
                0x08001474                HAL_IncTick
 .text.HAL_GetTick
                0x0800149c       0x18 ./Drivers/STM32F4xx_HAL_Driver/Src/stm32f4xx_hal.o
                0x0800149c                HAL_GetTick
 .text.HAL_Delay
                0x080014b4       0x48 ./Drivers/STM32F4xx_HAL_Driver/Src/stm32f4xx_hal.o
                0x080014b4                HAL_Delay
 .text.__NVIC_SetPriorityGrouping
                0x080014fc       0x48 ./Drivers/STM32F4xx_HAL_Driver/Src/stm32f4xx_hal_cortex.o
 .text.__NVIC_GetPriorityGrouping
                0x08001544       0x1c ./Drivers/STM32F4xx_HAL_Driver/Src/stm32f4xx_hal_cortex.o
 .text.__NVIC_EnableIRQ
                0x08001560       0x3c ./Drivers/STM32F4xx_HAL_Driver/Src/stm32f4xx_hal_cortex.o
 .text.__NVIC_SetPriority
                0x0800159c       0x54 ./Drivers/STM32F4xx_HAL_Driver/Src/stm32f4xx_hal_cortex.o
 .text.NVIC_EncodePriority
                0x080015f0       0x66 ./Drivers/STM32F4xx_HAL_Driver/Src/stm32f4xx_hal_cortex.o
 *fill*         0x08001656        0x2 
 .text.SysTick_Config
                0x08001658       0x44 ./Drivers/STM32F4xx_HAL_Driver/Src/stm32f4xx_hal_cortex.o
 .text.HAL_NVIC_SetPriorityGrouping
                0x0800169c       0x16 ./Drivers/STM32F4xx_HAL_Driver/Src/stm32f4xx_hal_cortex.o
                0x0800169c                HAL_NVIC_SetPriorityGrouping
 .text.HAL_NVIC_SetPriority
                0x080016b2       0x38 ./Drivers/STM32F4xx_HAL_Driver/Src/stm32f4xx_hal_cortex.o
                0x080016b2                HAL_NVIC_SetPriority
 .text.HAL_NVIC_EnableIRQ
                0x080016ea       0x1c ./Drivers/STM32F4xx_HAL_Driver/Src/stm32f4xx_hal_cortex.o
                0x080016ea                HAL_NVIC_EnableIRQ
 .text.HAL_SYSTICK_Config
                0x08001706       0x18 ./Drivers/STM32F4xx_HAL_Driver/Src/stm32f4xx_hal_cortex.o
                0x08001706                HAL_SYSTICK_Config
 .text.HAL_DMA_Abort_IT
                0x0800171e       0x44 ./Drivers/STM32F4xx_HAL_Driver/Src/stm32f4xx_hal_dma.o
                0x0800171e                HAL_DMA_Abort_IT
 *fill*         0x08001762        0x2 
 .text.HAL_GPIO_Init
                0x08001764      0x338 ./Drivers/STM32F4xx_HAL_Driver/Src/stm32f4xx_hal_gpio.o
                0x08001764                HAL_GPIO_Init
 .text.HAL_GPIO_WritePin
                0x08001a9c       0x32 ./Drivers/STM32F4xx_HAL_Driver/Src/stm32f4xx_hal_gpio.o
                0x08001a9c                HAL_GPIO_WritePin
 .text.HAL_HCD_Init
                0x08001ace       0xce ./Drivers/STM32F4xx_HAL_Driver/Src/stm32f4xx_hal_hcd.o
                0x08001ace                HAL_HCD_Init
 .text.HAL_HCD_HC_Init
                0x08001b9c      0x170 ./Drivers/STM32F4xx_HAL_Driver/Src/stm32f4xx_hal_hcd.o
                0x08001b9c                HAL_HCD_HC_Init
 .text.HAL_HCD_HC_Halt
                0x08001d0c       0x46 ./Drivers/STM32F4xx_HAL_Driver/Src/stm32f4xx_hal_hcd.o
                0x08001d0c                HAL_HCD_HC_Halt
 *fill*         0x08001d52        0x2 
 .text.HAL_HCD_HC_SubmitRequest
                0x08001d54      0x33c ./Drivers/STM32F4xx_HAL_Driver/Src/stm32f4xx_hal_hcd.o
                0x08001d54                HAL_HCD_HC_SubmitRequest
 .text.HAL_HCD_IRQHandler
                0x08002090      0x220 ./Drivers/STM32F4xx_HAL_Driver/Src/stm32f4xx_hal_hcd.o
                0x08002090                HAL_HCD_IRQHandler
 .text.HAL_HCD_Start
                0x080022b0       0x46 ./Drivers/STM32F4xx_HAL_Driver/Src/stm32f4xx_hal_hcd.o
                0x080022b0                HAL_HCD_Start
 .text.HAL_HCD_Stop
                0x080022f6       0x3a ./Drivers/STM32F4xx_HAL_Driver/Src/stm32f4xx_hal_hcd.o
                0x080022f6                HAL_HCD_Stop
 .text.HAL_HCD_ResetPort
                0x08002330       0x1c ./Drivers/STM32F4xx_HAL_Driver/Src/stm32f4xx_hal_hcd.o
                0x08002330                HAL_HCD_ResetPort
 .text.HAL_HCD_HC_GetURBState
                0x0800234c       0x2a ./Drivers/STM32F4xx_HAL_Driver/Src/stm32f4xx_hal_hcd.o
                0x0800234c                HAL_HCD_HC_GetURBState
 .text.HAL_HCD_HC_GetXferCount
                0x08002376       0x2a ./Drivers/STM32F4xx_HAL_Driver/Src/stm32f4xx_hal_hcd.o
                0x08002376                HAL_HCD_HC_GetXferCount
 .text.HAL_HCD_GetCurrentFrame
                0x080023a0       0x1c ./Drivers/STM32F4xx_HAL_Driver/Src/stm32f4xx_hal_hcd.o
                0x080023a0                HAL_HCD_GetCurrentFrame
 .text.HAL_HCD_GetCurrentSpeed
                0x080023bc       0x1c ./Drivers/STM32F4xx_HAL_Driver/Src/stm32f4xx_hal_hcd.o
                0x080023bc                HAL_HCD_GetCurrentSpeed
 .text.HAL_HCD_HC_ClearHubInfo
                0x080023d8       0x6a ./Drivers/STM32F4xx_HAL_Driver/Src/stm32f4xx_hal_hcd.o
                0x080023d8                HAL_HCD_HC_ClearHubInfo
 .text.HCD_HC_IN_IRQHandler
                0x08002442      0xcd2 ./Drivers/STM32F4xx_HAL_Driver/Src/stm32f4xx_hal_hcd.o
 .text.HCD_HC_OUT_IRQHandler
                0x08003114      0x97e ./Drivers/STM32F4xx_HAL_Driver/Src/stm32f4xx_hal_hcd.o
 .text.HCD_RXQLVL_IRQHandler
                0x08003a92      0x1be ./Drivers/STM32F4xx_HAL_Driver/Src/stm32f4xx_hal_hcd.o
 .text.HCD_Port_IRQHandler
                0x08003c50       0xe6 ./Drivers/STM32F4xx_HAL_Driver/Src/stm32f4xx_hal_hcd.o
 *fill*         0x08003d36        0x2 
 .text.HAL_I2C_Init
                0x08003d38      0x288 ./Drivers/STM32F4xx_HAL_Driver/Src/stm32f4xx_hal_i2c.o
                0x08003d38                HAL_I2C_Init
 .text.HAL_RCC_OscConfig
                0x08003fc0      0x4f0 ./Drivers/STM32F4xx_HAL_Driver/Src/stm32f4xx_hal_rcc.o
                0x08003fc0                HAL_RCC_OscConfig
 .text.HAL_RCC_ClockConfig
                0x080044b0      0x1cc ./Drivers/STM32F4xx_HAL_Driver/Src/stm32f4xx_hal_rcc.o
                0x080044b0                HAL_RCC_ClockConfig
 .text.HAL_RCC_GetSysClockFreq
                0x0800467c      0x20c ./Drivers/STM32F4xx_HAL_Driver/Src/stm32f4xx_hal_rcc.o
                0x0800467c                HAL_RCC_GetSysClockFreq
 .text.HAL_RCC_GetHCLKFreq
                0x08004888       0x18 ./Drivers/STM32F4xx_HAL_Driver/Src/stm32f4xx_hal_rcc.o
                0x08004888                HAL_RCC_GetHCLKFreq
 .text.HAL_RCC_GetPCLK1Freq
                0x080048a0       0x28 ./Drivers/STM32F4xx_HAL_Driver/Src/stm32f4xx_hal_rcc.o
                0x080048a0                HAL_RCC_GetPCLK1Freq
 .text.HAL_SPI_Init
                0x080048c8      0x112 ./Drivers/STM32F4xx_HAL_Driver/Src/stm32f4xx_hal_spi.o
                0x080048c8                HAL_SPI_Init
 *fill*         0x080049da        0x2 
 .text.HAL_SPI_Receive_IT
                0x080049dc      0x130 ./Drivers/STM32F4xx_HAL_Driver/Src/stm32f4xx_hal_spi.o
                0x080049dc                HAL_SPI_Receive_IT
 .text.HAL_SPI_TransmitReceive_IT
                0x08004b0c      0x11c ./Drivers/STM32F4xx_HAL_Driver/Src/stm32f4xx_hal_spi.o
                0x08004b0c                HAL_SPI_TransmitReceive_IT
 .text.HAL_SPI_IRQHandler
                0x08004c28      0x1e8 ./Drivers/STM32F4xx_HAL_Driver/Src/stm32f4xx_hal_spi.o
                0x08004c28                HAL_SPI_IRQHandler
 .text.HAL_SPI_TxRxCpltCallback
                0x08004e10       0x14 ./Drivers/STM32F4xx_HAL_Driver/Src/stm32f4xx_hal_spi.o
                0x08004e10                HAL_SPI_TxRxCpltCallback
 .text.HAL_SPI_ErrorCallback
                0x08004e24       0x14 ./Drivers/STM32F4xx_HAL_Driver/Src/stm32f4xx_hal_spi.o
                0x08004e24                HAL_SPI_ErrorCallback
 .text.SPI_DMAAbortOnError
                0x08004e38       0x28 ./Drivers/STM32F4xx_HAL_Driver/Src/stm32f4xx_hal_spi.o
 .text.SPI_2linesRxISR_8BIT
                0x08004e60       0x64 ./Drivers/STM32F4xx_HAL_Driver/Src/stm32f4xx_hal_spi.o
 .text.SPI_2linesTxISR_8BIT
                0x08004ec4       0x60 ./Drivers/STM32F4xx_HAL_Driver/Src/stm32f4xx_hal_spi.o
 .text.SPI_2linesRxISR_16BIT
                0x08004f24       0x60 ./Drivers/STM32F4xx_HAL_Driver/Src/stm32f4xx_hal_spi.o
 .text.SPI_2linesTxISR_16BIT
                0x08004f84       0x5e ./Drivers/STM32F4xx_HAL_Driver/Src/stm32f4xx_hal_spi.o
 .text.SPI_RxISR_8BIT
                0x08004fe2       0x4a ./Drivers/STM32F4xx_HAL_Driver/Src/stm32f4xx_hal_spi.o
 .text.SPI_RxISR_16BIT
                0x0800502c       0x46 ./Drivers/STM32F4xx_HAL_Driver/Src/stm32f4xx_hal_spi.o
 *fill*         0x08005072        0x2 
 .text.SPI_WaitFlagStateUntilTimeout
                0x08005074      0x110 ./Drivers/STM32F4xx_HAL_Driver/Src/stm32f4xx_hal_spi.o
 .text.SPI_EndRxTransaction
                0x08005184       0xca ./Drivers/STM32F4xx_HAL_Driver/Src/stm32f4xx_hal_spi.o
 *fill*         0x0800524e        0x2 
 .text.SPI_EndRxTxTransaction
                0x08005250       0xa8 ./Drivers/STM32F4xx_HAL_Driver/Src/stm32f4xx_hal_spi.o
 .text.SPI_CloseRxTx_ISR
                0x080052f8       0xe8 ./Drivers/STM32F4xx_HAL_Driver/Src/stm32f4xx_hal_spi.o
 .text.SPI_CloseRx_ISR
                0x080053e0       0x7e ./Drivers/STM32F4xx_HAL_Driver/Src/stm32f4xx_hal_spi.o
 .text.HAL_TIM_Base_Init
                0x0800545e       0x9e ./Drivers/STM32F4xx_HAL_Driver/Src/stm32f4xx_hal_tim.o
                0x0800545e                HAL_TIM_Base_Init
 .text.HAL_TIM_PWM_Init
                0x080054fc       0x9e ./Drivers/STM32F4xx_HAL_Driver/Src/stm32f4xx_hal_tim.o
                0x080054fc                HAL_TIM_PWM_Init
 .text.HAL_TIM_PWM_MspInit
                0x0800559a       0x14 ./Drivers/STM32F4xx_HAL_Driver/Src/stm32f4xx_hal_tim.o
                0x0800559a                HAL_TIM_PWM_MspInit
 *fill*         0x080055ae        0x2 
 .text.HAL_TIM_PWM_Start
                0x080055b0      0x190 ./Drivers/STM32F4xx_HAL_Driver/Src/stm32f4xx_hal_tim.o
                0x080055b0                HAL_TIM_PWM_Start
 .text.HAL_TIM_IRQHandler
                0x08005740      0x1e0 ./Drivers/STM32F4xx_HAL_Driver/Src/stm32f4xx_hal_tim.o
                0x08005740                HAL_TIM_IRQHandler
 .text.HAL_TIM_PWM_ConfigChannel
                0x08005920      0x184 ./Drivers/STM32F4xx_HAL_Driver/Src/stm32f4xx_hal_tim.o
                0x08005920                HAL_TIM_PWM_ConfigChannel
 .text.HAL_TIM_ConfigClockSource
                0x08005aa4      0x18e ./Drivers/STM32F4xx_HAL_Driver/Src/stm32f4xx_hal_tim.o
                0x08005aa4                HAL_TIM_ConfigClockSource
 .text.HAL_TIM_PeriodElapsedCallback
                0x08005c32       0x14 ./Drivers/STM32F4xx_HAL_Driver/Src/stm32f4xx_hal_tim.o
                0x08005c32                HAL_TIM_PeriodElapsedCallback
 .text.HAL_TIM_OC_DelayElapsedCallback
                0x08005c46       0x14 ./Drivers/STM32F4xx_HAL_Driver/Src/stm32f4xx_hal_tim.o
                0x08005c46                HAL_TIM_OC_DelayElapsedCallback
 .text.HAL_TIM_IC_CaptureCallback
                0x08005c5a       0x14 ./Drivers/STM32F4xx_HAL_Driver/Src/stm32f4xx_hal_tim.o
                0x08005c5a                HAL_TIM_IC_CaptureCallback
 .text.HAL_TIM_PWM_PulseFinishedCallback
                0x08005c6e       0x14 ./Drivers/STM32F4xx_HAL_Driver/Src/stm32f4xx_hal_tim.o
                0x08005c6e                HAL_TIM_PWM_PulseFinishedCallback
 .text.HAL_TIM_TriggerCallback
                0x08005c82       0x14 ./Drivers/STM32F4xx_HAL_Driver/Src/stm32f4xx_hal_tim.o
                0x08005c82                HAL_TIM_TriggerCallback
 *fill*         0x08005c96        0x2 
 .text.TIM_Base_SetConfig
                0x08005c98      0x158 ./Drivers/STM32F4xx_HAL_Driver/Src/stm32f4xx_hal_tim.o
                0x08005c98                TIM_Base_SetConfig
 .text.TIM_OC1_SetConfig
                0x08005df0       0xe0 ./Drivers/STM32F4xx_HAL_Driver/Src/stm32f4xx_hal_tim.o
 .text.TIM_OC2_SetConfig
                0x08005ed0       0xec ./Drivers/STM32F4xx_HAL_Driver/Src/stm32f4xx_hal_tim.o
                0x08005ed0                TIM_OC2_SetConfig
 .text.TIM_OC3_SetConfig
                0x08005fbc       0xe8 ./Drivers/STM32F4xx_HAL_Driver/Src/stm32f4xx_hal_tim.o
 .text.TIM_OC4_SetConfig
                0x080060a4       0xac ./Drivers/STM32F4xx_HAL_Driver/Src/stm32f4xx_hal_tim.o
 .text.TIM_TI1_ConfigInputStage
                0x08006150       0x5e ./Drivers/STM32F4xx_HAL_Driver/Src/stm32f4xx_hal_tim.o
 .text.TIM_TI2_ConfigInputStage
                0x080061ae       0x60 ./Drivers/STM32F4xx_HAL_Driver/Src/stm32f4xx_hal_tim.o
 .text.TIM_ITRx_SetConfig
                0x0800620e       0x36 ./Drivers/STM32F4xx_HAL_Driver/Src/stm32f4xx_hal_tim.o
 .text.TIM_ETR_SetConfig
                0x08006244       0x40 ./Drivers/STM32F4xx_HAL_Driver/Src/stm32f4xx_hal_tim.o
                0x08006244                TIM_ETR_SetConfig
 .text.TIM_CCxChannelCmd
                0x08006284       0x4a ./Drivers/STM32F4xx_HAL_Driver/Src/stm32f4xx_hal_tim.o
                0x08006284                TIM_CCxChannelCmd
 *fill*         0x080062ce        0x2 
 .text.HAL_TIMEx_MasterConfigSynchronization
                0x080062d0       0xf8 ./Drivers/STM32F4xx_HAL_Driver/Src/stm32f4xx_hal_tim_ex.o
                0x080062d0                HAL_TIMEx_MasterConfigSynchronization
 .text.HAL_TIMEx_CommutCallback
                0x080063c8       0x14 ./Drivers/STM32F4xx_HAL_Driver/Src/stm32f4xx_hal_tim_ex.o
                0x080063c8                HAL_TIMEx_CommutCallback
 .text.HAL_TIMEx_BreakCallback
                0x080063dc       0x14 ./Drivers/STM32F4xx_HAL_Driver/Src/stm32f4xx_hal_tim_ex.o
                0x080063dc                HAL_TIMEx_BreakCallback
 .text.USB_CoreInit
                0x080063f0       0xc8 ./Drivers/STM32F4xx_HAL_Driver/Src/stm32f4xx_ll_usb.o
                0x080063f0                USB_CoreInit
 .text.USB_EnableGlobalInt
                0x080064b8       0x22 ./Drivers/STM32F4xx_HAL_Driver/Src/stm32f4xx_ll_usb.o
                0x080064b8                USB_EnableGlobalInt
 .text.USB_DisableGlobalInt
                0x080064da       0x22 ./Drivers/STM32F4xx_HAL_Driver/Src/stm32f4xx_ll_usb.o
                0x080064da                USB_DisableGlobalInt
 .text.USB_SetCurrentMode
                0x080064fc       0x98 ./Drivers/STM32F4xx_HAL_Driver/Src/stm32f4xx_ll_usb.o
                0x080064fc                USB_SetCurrentMode
 .text.USB_FlushTxFifo
                0x08006594       0x64 ./Drivers/STM32F4xx_HAL_Driver/Src/stm32f4xx_ll_usb.o
                0x08006594                USB_FlushTxFifo
 .text.USB_FlushRxFifo
                0x080065f8       0x5c ./Drivers/STM32F4xx_HAL_Driver/Src/stm32f4xx_ll_usb.o
                0x080065f8                USB_FlushRxFifo
 .text.USB_WritePacket
                0x08006654       0x7c ./Drivers/STM32F4xx_HAL_Driver/Src/stm32f4xx_ll_usb.o
                0x08006654                USB_WritePacket
 .text.USB_ReadPacket
                0x080066d0       0xb0 ./Drivers/STM32F4xx_HAL_Driver/Src/stm32f4xx_ll_usb.o
                0x080066d0                USB_ReadPacket
 .text.USB_ReadInterrupts
                0x08006780       0x26 ./Drivers/STM32F4xx_HAL_Driver/Src/stm32f4xx_ll_usb.o
                0x08006780                USB_ReadInterrupts
 .text.USB_ReadChInterrupts
                0x080067a6       0x42 ./Drivers/STM32F4xx_HAL_Driver/Src/stm32f4xx_ll_usb.o
                0x080067a6                USB_ReadChInterrupts
 .text.USB_GetMode
                0x080067e8       0x1c ./Drivers/STM32F4xx_HAL_Driver/Src/stm32f4xx_ll_usb.o
                0x080067e8                USB_GetMode
 .text.USB_CoreReset
                0x08006804       0x62 ./Drivers/STM32F4xx_HAL_Driver/Src/stm32f4xx_ll_usb.o
 *fill*         0x08006866        0x2 
 .text.USB_HostInit
                0x08006868      0x188 ./Drivers/STM32F4xx_HAL_Driver/Src/stm32f4xx_ll_usb.o
                0x08006868                USB_HostInit
 .text.USB_InitFSLSPClkSel
                0x080069f0       0x7a ./Drivers/STM32F4xx_HAL_Driver/Src/stm32f4xx_ll_usb.o
                0x080069f0                USB_InitFSLSPClkSel
 .text.USB_ResetPort
                0x08006a6a       0x54 ./Drivers/STM32F4xx_HAL_Driver/Src/stm32f4xx_ll_usb.o
                0x08006a6a                USB_ResetPort
 .text.USB_DriveVbus
                0x08006abe       0x72 ./Drivers/STM32F4xx_HAL_Driver/Src/stm32f4xx_ll_usb.o
                0x08006abe                USB_DriveVbus
 .text.USB_GetHostSpeed
                0x08006b30       0x2e ./Drivers/STM32F4xx_HAL_Driver/Src/stm32f4xx_ll_usb.o
                0x08006b30                USB_GetHostSpeed
 .text.USB_GetCurrentFrame
                0x08006b5e       0x22 ./Drivers/STM32F4xx_HAL_Driver/Src/stm32f4xx_ll_usb.o
                0x08006b5e                USB_GetCurrentFrame
 .text.USB_HC_Init
                0x08006b80      0x258 ./Drivers/STM32F4xx_HAL_Driver/Src/stm32f4xx_ll_usb.o
                0x08006b80                USB_HC_Init
 .text.USB_HC_StartXfer
                0x08006dd8      0x4f4 ./Drivers/STM32F4xx_HAL_Driver/Src/stm32f4xx_ll_usb.o
                0x08006dd8                USB_HC_StartXfer
 .text.USB_HC_ReadInterrupt
                0x080072cc       0x22 ./Drivers/STM32F4xx_HAL_Driver/Src/stm32f4xx_ll_usb.o
                0x080072cc                USB_HC_ReadInterrupt
 .text.USB_HC_Halt
                0x080072ee      0x240 ./Drivers/STM32F4xx_HAL_Driver/Src/stm32f4xx_ll_usb.o
                0x080072ee                USB_HC_Halt
 *fill*         0x0800752e        0x2 
 .text.USB_DoPing
                0x08007530       0x78 ./Drivers/STM32F4xx_HAL_Driver/Src/stm32f4xx_ll_usb.o
                0x08007530                USB_DoPing
 .text.USB_StopHost
                0x080075a8      0x124 ./Drivers/STM32F4xx_HAL_Driver/Src/stm32f4xx_ll_usb.o
                0x080075a8                USB_StopHost
 .text.USBH_CDC_InterfaceInit
                0x080076cc      0x2ac ./Middlewares/ST/STM32_USB_Host_Library/Class/CDC/Src/usbh_cdc.o
 .text.USBH_CDC_InterfaceDeInit
                0x08007978       0xb2 ./Middlewares/ST/STM32_USB_Host_Library/Class/CDC/Src/usbh_cdc.o
 .text.USBH_CDC_ClassRequest
                0x08007a2a       0x3e ./Middlewares/ST/STM32_USB_Host_Library/Class/CDC/Src/usbh_cdc.o
 .text.USBH_CDC_Process
                0x08007a68      0x12c ./Middlewares/ST/STM32_USB_Host_Library/Class/CDC/Src/usbh_cdc.o
 .text.USBH_CDC_SOFProcess
                0x08007b94       0x16 ./Middlewares/ST/STM32_USB_Host_Library/Class/CDC/Src/usbh_cdc.o
 .text.GetLineCoding
                0x08007baa       0x3e ./Middlewares/ST/STM32_USB_Host_Library/Class/CDC/Src/usbh_cdc.o
 .text.SetLineCoding
                0x08007be8       0x3e ./Middlewares/ST/STM32_USB_Host_Library/Class/CDC/Src/usbh_cdc.o
 .text.CDC_ProcessTransmission
                0x08007c26       0xec ./Middlewares/ST/STM32_USB_Host_Library/Class/CDC/Src/usbh_cdc.o
 .text.CDC_ProcessReception
                0x08007d12       0xb6 ./Middlewares/ST/STM32_USB_Host_Library/Class/CDC/Src/usbh_cdc.o
 .text.USBH_CDC_TransmitCallback
                0x08007dc8       0x14 ./Middlewares/ST/STM32_USB_Host_Library/Class/CDC/Src/usbh_cdc.o
                0x08007dc8                USBH_CDC_TransmitCallback
 .text.USBH_CDC_ReceiveCallback
                0x08007ddc       0x14 ./Middlewares/ST/STM32_USB_Host_Library/Class/CDC/Src/usbh_cdc.o
                0x08007ddc                USBH_CDC_ReceiveCallback
 .text.USBH_CDC_LineCodingChanged
                0x08007df0       0x14 ./Middlewares/ST/STM32_USB_Host_Library/Class/CDC/Src/usbh_cdc.o
                0x08007df0                USBH_CDC_LineCodingChanged
 .text.USBH_Init
                0x08007e04       0x74 ./Middlewares/ST/STM32_USB_Host_Library/Core/Src/usbh_core.o
                0x08007e04                USBH_Init
 .text.DeInitStateMachine
                0x08007e78       0xe6 ./Middlewares/ST/STM32_USB_Host_Library/Core/Src/usbh_core.o
 .text.USBH_RegisterClass
                0x08007f5e       0x54 ./Middlewares/ST/STM32_USB_Host_Library/Core/Src/usbh_core.o
                0x08007f5e                USBH_RegisterClass
 .text.USBH_SelectInterface
                0x08007fb2       0x38 ./Middlewares/ST/STM32_USB_Host_Library/Core/Src/usbh_core.o
                0x08007fb2                USBH_SelectInterface
 .text.USBH_FindInterface
                0x08007fea       0x8c ./Middlewares/ST/STM32_USB_Host_Library/Core/Src/usbh_core.o
                0x08007fea                USBH_FindInterface
 .text.USBH_Start
                0x08008076       0x20 ./Middlewares/ST/STM32_USB_Host_Library/Core/Src/usbh_core.o
                0x08008076                USBH_Start
 *fill*         0x08008096        0x2 
 .text.USBH_Process
                0x08008098      0x3d0 ./Middlewares/ST/STM32_USB_Host_Library/Core/Src/usbh_core.o
                0x08008098                USBH_Process
 .text.USBH_HandleEnum
                0x08008468      0x3c0 ./Middlewares/ST/STM32_USB_Host_Library/Core/Src/usbh_core.o
 .text.USBH_LL_SetTimer
                0x08008828       0x1e ./Middlewares/ST/STM32_USB_Host_Library/Core/Src/usbh_core.o
                0x08008828                USBH_LL_SetTimer
 .text.USBH_LL_IncTimer
                0x08008846       0x24 ./Middlewares/ST/STM32_USB_Host_Library/Core/Src/usbh_core.o
                0x08008846                USBH_LL_IncTimer
 .text.USBH_HandleSof
                0x0800886a       0x30 ./Middlewares/ST/STM32_USB_Host_Library/Core/Src/usbh_core.o
 .text.USBH_LL_PortEnabled
                0x0800889a       0x1c ./Middlewares/ST/STM32_USB_Host_Library/Core/Src/usbh_core.o
                0x0800889a                USBH_LL_PortEnabled
 .text.USBH_LL_PortDisabled
                0x080088b6       0x1c ./Middlewares/ST/STM32_USB_Host_Library/Core/Src/usbh_core.o
                0x080088b6                USBH_LL_PortDisabled
 .text.USBH_LL_Connect
                0x080088d2       0x2e ./Middlewares/ST/STM32_USB_Host_Library/Core/Src/usbh_core.o
                0x080088d2                USBH_LL_Connect
 .text.USBH_LL_Disconnect
                0x08008900       0x48 ./Middlewares/ST/STM32_USB_Host_Library/Core/Src/usbh_core.o
                0x08008900                USBH_LL_Disconnect
 .text.USBH_Get_DevDesc
                0x08008948       0x58 ./Middlewares/ST/STM32_USB_Host_Library/Core/Src/usbh_ctlreq.o
                0x08008948                USBH_Get_DevDesc
 .text.USBH_Get_CfgDesc
                0x080089a0       0x54 ./Middlewares/ST/STM32_USB_Host_Library/Core/Src/usbh_ctlreq.o
                0x080089a0                USBH_Get_CfgDesc
 .text.USBH_Get_StringDesc
                0x080089f4       0x68 ./Middlewares/ST/STM32_USB_Host_Library/Core/Src/usbh_ctlreq.o
                0x080089f4                USBH_Get_StringDesc
 .text.USBH_GetDescriptor
                0x08008a5c       0x6a ./Middlewares/ST/STM32_USB_Host_Library/Core/Src/usbh_ctlreq.o
                0x08008a5c                USBH_GetDescriptor
 .text.USBH_SetAddress
                0x08008ac6       0x48 ./Middlewares/ST/STM32_USB_Host_Library/Core/Src/usbh_ctlreq.o
                0x08008ac6                USBH_SetAddress
 .text.USBH_SetCfg
                0x08008b0e       0x46 ./Middlewares/ST/STM32_USB_Host_Library/Core/Src/usbh_ctlreq.o
                0x08008b0e                USBH_SetCfg
 .text.USBH_SetFeature
                0x08008b54       0x48 ./Middlewares/ST/STM32_USB_Host_Library/Core/Src/usbh_ctlreq.o
                0x08008b54                USBH_SetFeature
 .text.USBH_ClrFeature
                0x08008b9c       0x48 ./Middlewares/ST/STM32_USB_Host_Library/Core/Src/usbh_ctlreq.o
                0x08008b9c                USBH_ClrFeature
 .text.USBH_ParseDevDesc
                0x08008be4      0x160 ./Middlewares/ST/STM32_USB_Host_Library/Core/Src/usbh_ctlreq.o
 .text.USBH_ParseCfgDesc
                0x08008d44      0x1f0 ./Middlewares/ST/STM32_USB_Host_Library/Core/Src/usbh_ctlreq.o
 .text.USBH_ParseInterfaceDesc
                0x08008f34       0x68 ./Middlewares/ST/STM32_USB_Host_Library/Core/Src/usbh_ctlreq.o
 .text.USBH_ParseEPDesc
                0x08008f9c      0x1d0 ./Middlewares/ST/STM32_USB_Host_Library/Core/Src/usbh_ctlreq.o
 .text.USBH_ParseStringDesc
                0x0800916c       0x66 ./Middlewares/ST/STM32_USB_Host_Library/Core/Src/usbh_ctlreq.o
 .text.USBH_GetNextDesc
                0x080091d2       0x34 ./Middlewares/ST/STM32_USB_Host_Library/Core/Src/usbh_ctlreq.o
                0x080091d2                USBH_GetNextDesc
 .text.USBH_CtlReq
                0x08009206       0x7a ./Middlewares/ST/STM32_USB_Host_Library/Core/Src/usbh_ctlreq.o
                0x08009206                USBH_CtlReq
 .text.USBH_HandleControl
                0x08009280      0x2e8 ./Middlewares/ST/STM32_USB_Host_Library/Core/Src/usbh_ctlreq.o
 .text.USBH_CtlSendSetup
                0x08009568       0x34 ./Middlewares/ST/STM32_USB_Host_Library/Core/Src/usbh_ioreq.o
                0x08009568                USBH_CtlSendSetup
 .text.USBH_CtlSendData
                0x0800959c       0x4a ./Middlewares/ST/STM32_USB_Host_Library/Core/Src/usbh_ioreq.o
                0x0800959c                USBH_CtlSendData
 .text.USBH_CtlReceiveData
                0x080095e6       0x3c ./Middlewares/ST/STM32_USB_Host_Library/Core/Src/usbh_ioreq.o
                0x080095e6                USBH_CtlReceiveData
 .text.USBH_BulkSendData
                0x08009622       0x4a ./Middlewares/ST/STM32_USB_Host_Library/Core/Src/usbh_ioreq.o
                0x08009622                USBH_BulkSendData
 .text.USBH_BulkReceiveData
                0x0800966c       0x3c ./Middlewares/ST/STM32_USB_Host_Library/Core/Src/usbh_ioreq.o
                0x0800966c                USBH_BulkReceiveData
 .text.USBH_OpenPipe
                0x080096a8       0x3e ./Middlewares/ST/STM32_USB_Host_Library/Core/Src/usbh_pipes.o
                0x080096a8                USBH_OpenPipe
 .text.USBH_ClosePipe
                0x080096e6       0x20 ./Middlewares/ST/STM32_USB_Host_Library/Core/Src/usbh_pipes.o
                0x080096e6                USBH_ClosePipe
 .text.USBH_AllocPipe
                0x08009706       0x42 ./Middlewares/ST/STM32_USB_Host_Library/Core/Src/usbh_pipes.o
                0x08009706                USBH_AllocPipe
 .text.USBH_FreePipe
                0x08009748       0x3c ./Middlewares/ST/STM32_USB_Host_Library/Core/Src/usbh_pipes.o
                0x08009748                USBH_FreePipe
 .text.USBH_GetFreePipe
                0x08009784       0x48 ./Middlewares/ST/STM32_USB_Host_Library/Core/Src/usbh_pipes.o
 .text.MX_USB_HOST_Init
                0x080097cc       0x4c ./USB_HOST/App/usb_host.o
                0x080097cc                MX_USB_HOST_Init
 .text.MX_USB_HOST_Process
                0x08009818       0x14 ./USB_HOST/App/usb_host.o
                0x08009818                MX_USB_HOST_Process
 .text.USBH_UserProcess
                0x0800982c       0x5c ./USB_HOST/App/usb_host.o
 .text.HAL_HCD_MspInit
                0x08009888       0xc4 ./USB_HOST/Target/usbh_conf.o
                0x08009888                HAL_HCD_MspInit
 .text.HAL_HCD_SOF_Callback
                0x0800994c       0x1c ./USB_HOST/Target/usbh_conf.o
                0x0800994c                HAL_HCD_SOF_Callback
 .text.HAL_HCD_Connect_Callback
                0x08009968       0x1c ./USB_HOST/Target/usbh_conf.o
                0x08009968                HAL_HCD_Connect_Callback
 .text.HAL_HCD_Disconnect_Callback
                0x08009984       0x1c ./USB_HOST/Target/usbh_conf.o
                0x08009984                HAL_HCD_Disconnect_Callback
 .text.HAL_HCD_HC_NotifyURBChange_Callback
                0x080099a0       0x1c ./USB_HOST/Target/usbh_conf.o
                0x080099a0                HAL_HCD_HC_NotifyURBChange_Callback
 .text.HAL_HCD_PortEnabled_Callback
                0x080099bc       0x1c ./USB_HOST/Target/usbh_conf.o
                0x080099bc                HAL_HCD_PortEnabled_Callback
 .text.HAL_HCD_PortDisabled_Callback
                0x080099d8       0x1c ./USB_HOST/Target/usbh_conf.o
                0x080099d8                HAL_HCD_PortDisabled_Callback
 .text.USBH_LL_Init
                0x080099f4       0x78 ./USB_HOST/Target/usbh_conf.o
                0x080099f4                USBH_LL_Init
 .text.USBH_LL_Start
                0x08009a6c       0x36 ./USB_HOST/Target/usbh_conf.o
                0x08009a6c                USBH_LL_Start
 .text.USBH_LL_Stop
                0x08009aa2       0x36 ./USB_HOST/Target/usbh_conf.o
                0x08009aa2                USBH_LL_Stop
 .text.USBH_LL_GetSpeed
                0x08009ad8       0x4e ./USB_HOST/Target/usbh_conf.o
                0x08009ad8                USBH_LL_GetSpeed
 .text.USBH_LL_ResetPort
                0x08009b26       0x36 ./USB_HOST/Target/usbh_conf.o
                0x08009b26                USBH_LL_ResetPort
 .text.USBH_LL_GetLastXferSize
                0x08009b5c       0x26 ./USB_HOST/Target/usbh_conf.o
                0x08009b5c                USBH_LL_GetLastXferSize
 .text.USBH_LL_OpenPipe
                0x08009b82       0x5e ./USB_HOST/Target/usbh_conf.o
                0x08009b82                USBH_LL_OpenPipe
 .text.USBH_LL_ClosePipe
                0x08009be0       0x3e ./USB_HOST/Target/usbh_conf.o
                0x08009be0                USBH_LL_ClosePipe
 .text.USBH_LL_SubmitURB
                0x08009c1e       0x62 ./USB_HOST/Target/usbh_conf.o
                0x08009c1e                USBH_LL_SubmitURB
 .text.USBH_LL_GetURBState
                0x08009c80       0x26 ./USB_HOST/Target/usbh_conf.o
                0x08009c80                USBH_LL_GetURBState
 .text.USBH_LL_DriverVBUS
                0x08009ca6       0x2e ./USB_HOST/Target/usbh_conf.o
                0x08009ca6                USBH_LL_DriverVBUS
 .text.USBH_LL_SetToggle
                0x08009cd4       0x66 ./USB_HOST/Target/usbh_conf.o
                0x08009cd4                USBH_LL_SetToggle
 .text.USBH_Delay
                0x08009d3a       0x16 ./USB_HOST/Target/usbh_conf.o
                0x08009d3a                USBH_Delay
 .text.USBH_Get_USB_Status
                0x08009d50       0x58 ./USB_HOST/Target/usbh_conf.o
                0x08009d50                USBH_Get_USB_Status
 .text.MX_DriverVbusFS
                0x08009da8       0x38 ./USB_HOST/Target/usbh_platform.o
                0x08009da8                MX_DriverVbusFS
 .text.malloc   0x08009de0       0x10 C:/ST/STM32CubeIDE_1.16.1/STM32CubeIDE/plugins/com.st.stm32cube.ide.mcu.externaltools.gnu-tools-for-stm32.12.3.rel1.win32_1.0.200.202406191623/tools/bin/../lib/gcc/arm-none-eabi/12.3.1/../../../../arm-none-eabi/lib/thumb/v7e-m+fp/hard\libc_nano.a(libc_a-malloc.o)
                0x08009de0                malloc
 .text.free     0x08009df0       0x10 C:/ST/STM32CubeIDE_1.16.1/STM32CubeIDE/plugins/com.st.stm32cube.ide.mcu.externaltools.gnu-tools-for-stm32.12.3.rel1.win32_1.0.200.202406191623/tools/bin/../lib/gcc/arm-none-eabi/12.3.1/../../../../arm-none-eabi/lib/thumb/v7e-m+fp/hard\libc_nano.a(libc_a-malloc.o)
                0x08009df0                free
 .text.sbrk_aligned
                0x08009e00       0x44 C:/ST/STM32CubeIDE_1.16.1/STM32CubeIDE/plugins/com.st.stm32cube.ide.mcu.externaltools.gnu-tools-for-stm32.12.3.rel1.win32_1.0.200.202406191623/tools/bin/../lib/gcc/arm-none-eabi/12.3.1/../../../../arm-none-eabi/lib/thumb/v7e-m+fp/hard\libc_nano.a(libc_a-mallocr.o)
 .text._malloc_r
                0x08009e44      0x100 C:/ST/STM32CubeIDE_1.16.1/STM32CubeIDE/plugins/com.st.stm32cube.ide.mcu.externaltools.gnu-tools-for-stm32.12.3.rel1.win32_1.0.200.202406191623/tools/bin/../lib/gcc/arm-none-eabi/12.3.1/../../../../arm-none-eabi/lib/thumb/v7e-m+fp/hard\libc_nano.a(libc_a-mallocr.o)
                0x08009e44                _malloc_r
 .text.__malloc_lock
                0x08009f44        0xc C:/ST/STM32CubeIDE_1.16.1/STM32CubeIDE/plugins/com.st.stm32cube.ide.mcu.externaltools.gnu-tools-for-stm32.12.3.rel1.win32_1.0.200.202406191623/tools/bin/../lib/gcc/arm-none-eabi/12.3.1/../../../../arm-none-eabi/lib/thumb/v7e-m+fp/hard\libc_nano.a(libc_a-mlock.o)
                0x08009f44                __malloc_lock
 .text.__malloc_unlock
                0x08009f50        0xc C:/ST/STM32CubeIDE_1.16.1/STM32CubeIDE/plugins/com.st.stm32cube.ide.mcu.externaltools.gnu-tools-for-stm32.12.3.rel1.win32_1.0.200.202406191623/tools/bin/../lib/gcc/arm-none-eabi/12.3.1/../../../../arm-none-eabi/lib/thumb/v7e-m+fp/hard\libc_nano.a(libc_a-mlock.o)
                0x08009f50                __malloc_unlock
 .text.memset   0x08009f5c       0x10 C:/ST/STM32CubeIDE_1.16.1/STM32CubeIDE/plugins/com.st.stm32cube.ide.mcu.externaltools.gnu-tools-for-stm32.12.3.rel1.win32_1.0.200.202406191623/tools/bin/../lib/gcc/arm-none-eabi/12.3.1/../../../../arm-none-eabi/lib/thumb/v7e-m+fp/hard\libc_nano.a(libc_a-memset.o)
                0x08009f5c                memset
 .text._sbrk_r  0x08009f6c       0x20 C:/ST/STM32CubeIDE_1.16.1/STM32CubeIDE/plugins/com.st.stm32cube.ide.mcu.externaltools.gnu-tools-for-stm32.12.3.rel1.win32_1.0.200.202406191623/tools/bin/../lib/gcc/arm-none-eabi/12.3.1/../../../../arm-none-eabi/lib/thumb/v7e-m+fp/hard\libc_nano.a(libc_a-sbrkr.o)
                0x08009f6c                _sbrk_r
 .text.__errno  0x08009f8c        0xc C:/ST/STM32CubeIDE_1.16.1/STM32CubeIDE/plugins/com.st.stm32cube.ide.mcu.externaltools.gnu-tools-for-stm32.12.3.rel1.win32_1.0.200.202406191623/tools/bin/../lib/gcc/arm-none-eabi/12.3.1/../../../../arm-none-eabi/lib/thumb/v7e-m+fp/hard\libc_nano.a(libc_a-errno.o)
                0x08009f8c                __errno
 .text.__libc_init_array
                0x08009f98       0x48 C:/ST/STM32CubeIDE_1.16.1/STM32CubeIDE/plugins/com.st.stm32cube.ide.mcu.externaltools.gnu-tools-for-stm32.12.3.rel1.win32_1.0.200.202406191623/tools/bin/../lib/gcc/arm-none-eabi/12.3.1/../../../../arm-none-eabi/lib/thumb/v7e-m+fp/hard\libc_nano.a(libc_a-init.o)
                0x08009f98                __libc_init_array
 .text.__retarget_lock_acquire_recursive
                0x08009fe0        0x2 C:/ST/STM32CubeIDE_1.16.1/STM32CubeIDE/plugins/com.st.stm32cube.ide.mcu.externaltools.gnu-tools-for-stm32.12.3.rel1.win32_1.0.200.202406191623/tools/bin/../lib/gcc/arm-none-eabi/12.3.1/../../../../arm-none-eabi/lib/thumb/v7e-m+fp/hard\libc_nano.a(libc_a-lock.o)
                0x08009fe0                __retarget_lock_acquire_recursive
 .text.__retarget_lock_release_recursive
                0x08009fe2        0x2 C:/ST/STM32CubeIDE_1.16.1/STM32CubeIDE/plugins/com.st.stm32cube.ide.mcu.externaltools.gnu-tools-for-stm32.12.3.rel1.win32_1.0.200.202406191623/tools/bin/../lib/gcc/arm-none-eabi/12.3.1/../../../../arm-none-eabi/lib/thumb/v7e-m+fp/hard\libc_nano.a(libc_a-lock.o)
                0x08009fe2                __retarget_lock_release_recursive
 .text._free_r  0x08009fe4       0x94 C:/ST/STM32CubeIDE_1.16.1/STM32CubeIDE/plugins/com.st.stm32cube.ide.mcu.externaltools.gnu-tools-for-stm32.12.3.rel1.win32_1.0.200.202406191623/tools/bin/../lib/gcc/arm-none-eabi/12.3.1/../../../../arm-none-eabi/lib/thumb/v7e-m+fp/hard\libc_nano.a(libc_a-freer.o)
                0x08009fe4                _free_r
 *(.glue_7)
 .glue_7        0x0800a078        0x0 linker stubs
 *(.glue_7t)
 .glue_7t       0x0800a078        0x0 linker stubs
 *(.eh_frame)
 .eh_frame      0x0800a078        0x0 C:/ST/STM32CubeIDE_1.16.1/STM32CubeIDE/plugins/com.st.stm32cube.ide.mcu.externaltools.gnu-tools-for-stm32.12.3.rel1.win32_1.0.200.202406191623/tools/bin/../lib/gcc/arm-none-eabi/12.3.1/thumb/v7e-m+fp/hard/crtbegin.o
 *(.init)
 .init          0x0800a078        0x4 C:/ST/STM32CubeIDE_1.16.1/STM32CubeIDE/plugins/com.st.stm32cube.ide.mcu.externaltools.gnu-tools-for-stm32.12.3.rel1.win32_1.0.200.202406191623/tools/bin/../lib/gcc/arm-none-eabi/12.3.1/thumb/v7e-m+fp/hard/crti.o
                0x0800a078                _init
 .init          0x0800a07c        0x8 C:/ST/STM32CubeIDE_1.16.1/STM32CubeIDE/plugins/com.st.stm32cube.ide.mcu.externaltools.gnu-tools-for-stm32.12.3.rel1.win32_1.0.200.202406191623/tools/bin/../lib/gcc/arm-none-eabi/12.3.1/thumb/v7e-m+fp/hard/crtn.o
 *(.fini)
 .fini          0x0800a084        0x4 C:/ST/STM32CubeIDE_1.16.1/STM32CubeIDE/plugins/com.st.stm32cube.ide.mcu.externaltools.gnu-tools-for-stm32.12.3.rel1.win32_1.0.200.202406191623/tools/bin/../lib/gcc/arm-none-eabi/12.3.1/thumb/v7e-m+fp/hard/crti.o
                0x0800a084                _fini
 .fini          0x0800a088        0x8 C:/ST/STM32CubeIDE_1.16.1/STM32CubeIDE/plugins/com.st.stm32cube.ide.mcu.externaltools.gnu-tools-for-stm32.12.3.rel1.win32_1.0.200.202406191623/tools/bin/../lib/gcc/arm-none-eabi/12.3.1/thumb/v7e-m+fp/hard/crtn.o
                0x0800a090                        . = ALIGN (0x4)
                0x0800a090                        _etext = .

.vfp11_veneer   0x0800a090        0x0
 .vfp11_veneer  0x0800a090        0x0 linker stubs

.v4_bx          0x0800a090        0x0
 .v4_bx         0x0800a090        0x0 linker stubs

.iplt           0x0800a090        0x0
 .iplt          0x0800a090        0x0 C:/ST/STM32CubeIDE_1.16.1/STM32CubeIDE/plugins/com.st.stm32cube.ide.mcu.externaltools.gnu-tools-for-stm32.12.3.rel1.win32_1.0.200.202406191623/tools/bin/../lib/gcc/arm-none-eabi/12.3.1/thumb/v7e-m+fp/hard/crtbegin.o

.rodata         0x0800a090       0x1c
                0x0800a090                        . = ALIGN (0x4)
 *(.rodata)
 .rodata        0x0800a090        0x4 ./Middlewares/ST/STM32_USB_Host_Library/Class/CDC/Src/usbh_cdc.o
 *(.rodata*)
 .rodata.AHBPrescTable
                0x0800a094       0x10 ./Core/Src/system_stm32f4xx.o
                0x0800a094                AHBPrescTable
 .rodata.APBPrescTable
                0x0800a0a4        0x8 ./Core/Src/system_stm32f4xx.o
                0x0800a0a4                APBPrescTable
                0x0800a0ac                        . = ALIGN (0x4)

.ARM.extab      0x0800a0ac        0x0
                0x0800a0ac                        . = ALIGN (0x4)
 *(.ARM.extab* .gnu.linkonce.armextab.*)
                0x0800a0ac                        . = ALIGN (0x4)

.ARM            0x0800a0ac        0x8
                0x0800a0ac                        . = ALIGN (0x4)
                0x0800a0ac                        __exidx_start = .
 *(.ARM.exidx*)
 .ARM.exidx     0x0800a0ac        0x8 C:/ST/STM32CubeIDE_1.16.1/STM32CubeIDE/plugins/com.st.stm32cube.ide.mcu.externaltools.gnu-tools-for-stm32.12.3.rel1.win32_1.0.200.202406191623/tools/bin/../lib/gcc/arm-none-eabi/12.3.1/thumb/v7e-m+fp/hard\libgcc.a(_udivmoddi4.o)
                0x0800a0b4                        __exidx_end = .
                0x0800a0b4                        . = ALIGN (0x4)

.preinit_array  0x0800a0b4        0x0
                0x0800a0b4                        . = ALIGN (0x4)
                0x0800a0b4                        PROVIDE (__preinit_array_start = .)
 *(.preinit_array*)
                0x0800a0b4                        PROVIDE (__preinit_array_end = .)
                0x0800a0b4                        . = ALIGN (0x4)

.init_array     0x0800a0b4        0x4
                0x0800a0b4                        . = ALIGN (0x4)
                0x0800a0b4                        PROVIDE (__init_array_start = .)
 *(SORT_BY_NAME(.init_array.*))
 *(.init_array*)
 .init_array    0x0800a0b4        0x4 C:/ST/STM32CubeIDE_1.16.1/STM32CubeIDE/plugins/com.st.stm32cube.ide.mcu.externaltools.gnu-tools-for-stm32.12.3.rel1.win32_1.0.200.202406191623/tools/bin/../lib/gcc/arm-none-eabi/12.3.1/thumb/v7e-m+fp/hard/crtbegin.o
                0x0800a0b8                        PROVIDE (__init_array_end = .)
                0x0800a0b8                        . = ALIGN (0x4)

.fini_array     0x0800a0b8        0x4
                0x0800a0b8                        . = ALIGN (0x4)
                [!provide]                        PROVIDE (__fini_array_start = .)
 *(SORT_BY_NAME(.fini_array.*))
 *(.fini_array*)
 .fini_array    0x0800a0b8        0x4 C:/ST/STM32CubeIDE_1.16.1/STM32CubeIDE/plugins/com.st.stm32cube.ide.mcu.externaltools.gnu-tools-for-stm32.12.3.rel1.win32_1.0.200.202406191623/tools/bin/../lib/gcc/arm-none-eabi/12.3.1/thumb/v7e-m+fp/hard/crtbegin.o
                [!provide]                        PROVIDE (__fini_array_end = .)
                0x0800a0bc                        . = ALIGN (0x4)
                0x0800a0bc                        _sidata = LOADADDR (.data)

.rel.dyn        0x0800a0bc        0x0
 .rel.iplt      0x0800a0bc        0x0 C:/ST/STM32CubeIDE_1.16.1/STM32CubeIDE/plugins/com.st.stm32cube.ide.mcu.externaltools.gnu-tools-for-stm32.12.3.rel1.win32_1.0.200.202406191623/tools/bin/../lib/gcc/arm-none-eabi/12.3.1/thumb/v7e-m+fp/hard/crtbegin.o

.data           0x20000000       0x7c load address 0x0800a0bc
                0x20000000                        . = ALIGN (0x4)
                0x20000000                        _sdata = .
 *(.data)
 *(.data*)
 .data.SystemCoreClock
                0x20000000        0x4 ./Core/Src/system_stm32f4xx.o
                0x20000000                SystemCoreClock
 .data.uwTickPrio
                0x20000004        0x4 ./Drivers/STM32F4xx_HAL_Driver/Src/stm32f4xx_hal.o
                0x20000004                uwTickPrio
 .data.uwTickFreq
                0x20000008        0x1 ./Drivers/STM32F4xx_HAL_Driver/Src/stm32f4xx_hal.o
                0x20000008                uwTickFreq
 *fill*         0x20000009        0x3 
 .data.CDC_Class
                0x2000000c       0x20 ./Middlewares/ST/STM32_USB_Host_Library/Class/CDC/Src/usbh_cdc.o
                0x2000000c                CDC_Class
 .data._impure_ptr
                0x2000002c        0x4 C:/ST/STM32CubeIDE_1.16.1/STM32CubeIDE/plugins/com.st.stm32cube.ide.mcu.externaltools.gnu-tools-for-stm32.12.3.rel1.win32_1.0.200.202406191623/tools/bin/../lib/gcc/arm-none-eabi/12.3.1/../../../../arm-none-eabi/lib/thumb/v7e-m+fp/hard\libc_nano.a(libc_a-impure.o)
                0x2000002c                _impure_ptr
 .data._impure_data
                0x20000030       0x4c C:/ST/STM32CubeIDE_1.16.1/STM32CubeIDE/plugins/com.st.stm32cube.ide.mcu.externaltools.gnu-tools-for-stm32.12.3.rel1.win32_1.0.200.202406191623/tools/bin/../lib/gcc/arm-none-eabi/12.3.1/../../../../arm-none-eabi/lib/thumb/v7e-m+fp/hard\libc_nano.a(libc_a-impure.o)
                0x20000030                _impure_data
 *(.RamFunc)
 *(.RamFunc*)
                0x2000007c                        . = ALIGN (0x4)
                0x2000007c                        _edata = .
                0x0800a138                        _siccmram = LOADADDR (.ccmram)

.igot.plt       0x2000007c        0x0 load address 0x0800a138
 .igot.plt      0x2000007c        0x0 C:/ST/STM32CubeIDE_1.16.1/STM32CubeIDE/plugins/com.st.stm32cube.ide.mcu.externaltools.gnu-tools-for-stm32.12.3.rel1.win32_1.0.200.202406191623/tools/bin/../lib/gcc/arm-none-eabi/12.3.1/thumb/v7e-m+fp/hard/crtbegin.o

.ccmram         0x10000000        0x0 load address 0x0800a138
                0x10000000                        . = ALIGN (0x4)
                0x10000000                        _sccmram = .
 *(.ccmram)
 *(.ccmram*)
                0x10000000                        . = ALIGN (0x4)
                0x10000000                        _eccmram = .
                0x10000000                        . = ALIGN (0x4)

.bss            0x2000007c      0xad4
                0x2000007c                        _sbss = .
                0x2000007c                        __bss_start__ = _sbss
 *(.bss)
 .bss           0x2000007c       0x1c C:/ST/STM32CubeIDE_1.16.1/STM32CubeIDE/plugins/com.st.stm32cube.ide.mcu.externaltools.gnu-tools-for-stm32.12.3.rel1.win32_1.0.200.202406191623/tools/bin/../lib/gcc/arm-none-eabi/12.3.1/thumb/v7e-m+fp/hard/crtbegin.o
 *(.bss*)
 .bss.rxData    0x20000098        0xa ./Core/Src/main.o
                0x20000098                rxData
 *fill*         0x200000a2        0x2 
 .bss.hi2c1     0x200000a4       0x54 ./Core/Src/main.o
                0x200000a4                hi2c1
 .bss.hspi1     0x200000f8       0x58 ./Core/Src/main.o
                0x200000f8                hspi1
 .bss.hspi2     0x20000150       0x58 ./Core/Src/main.o
                0x20000150                hspi2
 .bss.htim2     0x200001a8       0x48 ./Core/Src/main.o
                0x200001a8                htim2
 .bss.htim3     0x200001f0       0x48 ./Core/Src/main.o
                0x200001f0                htim3
 .bss.solutionData
                0x20000238        0xc ./Core/Src/readdata.o
                0x20000238                solutionData
 .bss.__sbrk_heap_end
                0x20000244        0x4 ./Core/Src/sysmem.o
 .bss.uwTick    0x20000248        0x4 ./Drivers/STM32F4xx_HAL_Driver/Src/stm32f4xx_hal.o
                0x20000248                uwTick
 .bss.hUsbHostFS
                0x2000024c      0x3d8 ./USB_HOST/App/usb_host.o
                0x2000024c                hUsbHostFS
 .bss.Appli_state
                0x20000624        0x1 ./USB_HOST/App/usb_host.o
                0x20000624                Appli_state
 *fill*         0x20000625        0x3 
 .bss.hhcd_USB_OTG_FS
                0x20000628      0x3e0 ./USB_HOST/Target/usbh_conf.o
                0x20000628                hhcd_USB_OTG_FS
 .bss.__malloc_sbrk_start
                0x20000a08        0x4 C:/ST/STM32CubeIDE_1.16.1/STM32CubeIDE/plugins/com.st.stm32cube.ide.mcu.externaltools.gnu-tools-for-stm32.12.3.rel1.win32_1.0.200.202406191623/tools/bin/../lib/gcc/arm-none-eabi/12.3.1/../../../../arm-none-eabi/lib/thumb/v7e-m+fp/hard\libc_nano.a(libc_a-mallocr.o)
                0x20000a08                __malloc_sbrk_start
 .bss.__malloc_free_list
                0x20000a0c        0x4 C:/ST/STM32CubeIDE_1.16.1/STM32CubeIDE/plugins/com.st.stm32cube.ide.mcu.externaltools.gnu-tools-for-stm32.12.3.rel1.win32_1.0.200.202406191623/tools/bin/../lib/gcc/arm-none-eabi/12.3.1/../../../../arm-none-eabi/lib/thumb/v7e-m+fp/hard\libc_nano.a(libc_a-mallocr.o)
                0x20000a0c                __malloc_free_list
 .bss.__sf      0x20000a10      0x138 C:/ST/STM32CubeIDE_1.16.1/STM32CubeIDE/plugins/com.st.stm32cube.ide.mcu.externaltools.gnu-tools-for-stm32.12.3.rel1.win32_1.0.200.202406191623/tools/bin/../lib/gcc/arm-none-eabi/12.3.1/../../../../arm-none-eabi/lib/thumb/v7e-m+fp/hard\libc_nano.a(libc_a-findfp.o)
                0x20000a10                __sf
 .bss.errno     0x20000b48        0x4 C:/ST/STM32CubeIDE_1.16.1/STM32CubeIDE/plugins/com.st.stm32cube.ide.mcu.externaltools.gnu-tools-for-stm32.12.3.rel1.win32_1.0.200.202406191623/tools/bin/../lib/gcc/arm-none-eabi/12.3.1/../../../../arm-none-eabi/lib/thumb/v7e-m+fp/hard\libc_nano.a(libc_a-reent.o)
                0x20000b48                errno
 .bss.__lock___malloc_recursive_mutex
                0x20000b4c        0x1 C:/ST/STM32CubeIDE_1.16.1/STM32CubeIDE/plugins/com.st.stm32cube.ide.mcu.externaltools.gnu-tools-for-stm32.12.3.rel1.win32_1.0.200.202406191623/tools/bin/../lib/gcc/arm-none-eabi/12.3.1/../../../../arm-none-eabi/lib/thumb/v7e-m+fp/hard\libc_nano.a(libc_a-lock.o)
                0x20000b4c                __lock___malloc_recursive_mutex
 *(COMMON)
                0x20000b50                        . = ALIGN (0x4)
 *fill*         0x20000b4d        0x3 
                0x20000b50                        _ebss = .
                0x20000b50                        __bss_end__ = _ebss

._user_heap_stack
                0x20000b50      0x600
                0x20000b50                        . = ALIGN (0x8)
                [!provide]                        PROVIDE (end = .)
                0x20000b50                        PROVIDE (_end = .)
                0x20000d50                        . = (. + _Min_Heap_Size)
 *fill*         0x20000b50      0x200 
                0x20001150                        . = (. + _Min_Stack_Size)
 *fill*         0x20000d50      0x400 
                0x20001150                        . = ALIGN (0x8)

/DISCARD/
 libc.a(*)
 libm.a(*)
 libgcc.a(*)

.ARM.attributes
                0x00000000       0x30
 *(.ARM.attributes)
 .ARM.attributes
                0x00000000       0x22 C:/ST/STM32CubeIDE_1.16.1/STM32CubeIDE/plugins/com.st.stm32cube.ide.mcu.externaltools.gnu-tools-for-stm32.12.3.rel1.win32_1.0.200.202406191623/tools/bin/../lib/gcc/arm-none-eabi/12.3.1/thumb/v7e-m+fp/hard/crti.o
 .ARM.attributes
                0x00000022       0x34 C:/ST/STM32CubeIDE_1.16.1/STM32CubeIDE/plugins/com.st.stm32cube.ide.mcu.externaltools.gnu-tools-for-stm32.12.3.rel1.win32_1.0.200.202406191623/tools/bin/../lib/gcc/arm-none-eabi/12.3.1/thumb/v7e-m+fp/hard/crtbegin.o
 .ARM.attributes
                0x00000056       0x34 ./Core/Src/main.o
 .ARM.attributes
                0x0000008a       0x34 ./Core/Src/movent.o
 .ARM.attributes
                0x000000be       0x34 ./Core/Src/readdata.o
 .ARM.attributes
                0x000000f2       0x34 ./Core/Src/stm32f4xx_hal_msp.o
 .ARM.attributes
                0x00000126       0x34 ./Core/Src/stm32f4xx_it.o
 .ARM.attributes
                0x0000015a       0x34 ./Core/Src/sysmem.o
 .ARM.attributes
                0x0000018e       0x34 ./Core/Src/system_stm32f4xx.o
 .ARM.attributes
                0x000001c2       0x21 ./Core/Startup/startup_stm32f407vgtx.o
 .ARM.attributes
                0x000001e3       0x34 ./Drivers/STM32F4xx_HAL_Driver/Src/stm32f4xx_hal.o
 .ARM.attributes
                0x00000217       0x34 ./Drivers/STM32F4xx_HAL_Driver/Src/stm32f4xx_hal_cortex.o
 .ARM.attributes
                0x0000024b       0x34 ./Drivers/STM32F4xx_HAL_Driver/Src/stm32f4xx_hal_dma.o
 .ARM.attributes
                0x0000027f       0x34 ./Drivers/STM32F4xx_HAL_Driver/Src/stm32f4xx_hal_gpio.o
 .ARM.attributes
                0x000002b3       0x34 ./Drivers/STM32F4xx_HAL_Driver/Src/stm32f4xx_hal_hcd.o
 .ARM.attributes
                0x000002e7       0x34 ./Drivers/STM32F4xx_HAL_Driver/Src/stm32f4xx_hal_i2c.o
 .ARM.attributes
                0x0000031b       0x34 ./Drivers/STM32F4xx_HAL_Driver/Src/stm32f4xx_hal_rcc.o
 .ARM.attributes
                0x0000034f       0x34 ./Drivers/STM32F4xx_HAL_Driver/Src/stm32f4xx_hal_spi.o
 .ARM.attributes
                0x00000383       0x34 ./Drivers/STM32F4xx_HAL_Driver/Src/stm32f4xx_hal_tim.o
 .ARM.attributes
                0x000003b7       0x34 ./Drivers/STM32F4xx_HAL_Driver/Src/stm32f4xx_hal_tim_ex.o
 .ARM.attributes
                0x000003eb       0x34 ./Drivers/STM32F4xx_HAL_Driver/Src/stm32f4xx_ll_usb.o
 .ARM.attributes
                0x0000041f       0x34 ./Middlewares/ST/STM32_USB_Host_Library/Class/CDC/Src/usbh_cdc.o
 .ARM.attributes
                0x00000453       0x34 ./Middlewares/ST/STM32_USB_Host_Library/Core/Src/usbh_core.o
 .ARM.attributes
                0x00000487       0x34 ./Middlewares/ST/STM32_USB_Host_Library/Core/Src/usbh_ctlreq.o
 .ARM.attributes
                0x000004bb       0x34 ./Middlewares/ST/STM32_USB_Host_Library/Core/Src/usbh_ioreq.o
 .ARM.attributes
                0x000004ef       0x34 ./Middlewares/ST/STM32_USB_Host_Library/Core/Src/usbh_pipes.o
 .ARM.attributes
                0x00000523       0x34 ./USB_HOST/App/usb_host.o
 .ARM.attributes
                0x00000557       0x34 ./USB_HOST/Target/usbh_conf.o
 .ARM.attributes
                0x0000058b       0x34 ./USB_HOST/Target/usbh_platform.o
 .ARM.attributes
                0x000005bf       0x34 C:/ST/STM32CubeIDE_1.16.1/STM32CubeIDE/plugins/com.st.stm32cube.ide.mcu.externaltools.gnu-tools-for-stm32.12.3.rel1.win32_1.0.200.202406191623/tools/bin/../lib/gcc/arm-none-eabi/12.3.1/../../../../arm-none-eabi/lib/thumb/v7e-m+fp/hard\libc_nano.a(libc_a-malloc.o)
 .ARM.attributes
                0x000005f3       0x34 C:/ST/STM32CubeIDE_1.16.1/STM32CubeIDE/plugins/com.st.stm32cube.ide.mcu.externaltools.gnu-tools-for-stm32.12.3.rel1.win32_1.0.200.202406191623/tools/bin/../lib/gcc/arm-none-eabi/12.3.1/../../../../arm-none-eabi/lib/thumb/v7e-m+fp/hard\libc_nano.a(libc_a-mallocr.o)
 .ARM.attributes
                0x00000627       0x34 C:/ST/STM32CubeIDE_1.16.1/STM32CubeIDE/plugins/com.st.stm32cube.ide.mcu.externaltools.gnu-tools-for-stm32.12.3.rel1.win32_1.0.200.202406191623/tools/bin/../lib/gcc/arm-none-eabi/12.3.1/../../../../arm-none-eabi/lib/thumb/v7e-m+fp/hard\libc_nano.a(libc_a-mlock.o)
 .ARM.attributes
                0x0000065b       0x34 C:/ST/STM32CubeIDE_1.16.1/STM32CubeIDE/plugins/com.st.stm32cube.ide.mcu.externaltools.gnu-tools-for-stm32.12.3.rel1.win32_1.0.200.202406191623/tools/bin/../lib/gcc/arm-none-eabi/12.3.1/../../../../arm-none-eabi/lib/thumb/v7e-m+fp/hard\libc_nano.a(libc_a-findfp.o)
 .ARM.attributes
                0x0000068f       0x34 C:/ST/STM32CubeIDE_1.16.1/STM32CubeIDE/plugins/com.st.stm32cube.ide.mcu.externaltools.gnu-tools-for-stm32.12.3.rel1.win32_1.0.200.202406191623/tools/bin/../lib/gcc/arm-none-eabi/12.3.1/../../../../arm-none-eabi/lib/thumb/v7e-m+fp/hard\libc_nano.a(libc_a-memset.o)
 .ARM.attributes
                0x000006c3       0x34 C:/ST/STM32CubeIDE_1.16.1/STM32CubeIDE/plugins/com.st.stm32cube.ide.mcu.externaltools.gnu-tools-for-stm32.12.3.rel1.win32_1.0.200.202406191623/tools/bin/../lib/gcc/arm-none-eabi/12.3.1/../../../../arm-none-eabi/lib/thumb/v7e-m+fp/hard\libc_nano.a(libc_a-reent.o)
 .ARM.attributes
                0x000006f7       0x34 C:/ST/STM32CubeIDE_1.16.1/STM32CubeIDE/plugins/com.st.stm32cube.ide.mcu.externaltools.gnu-tools-for-stm32.12.3.rel1.win32_1.0.200.202406191623/tools/bin/../lib/gcc/arm-none-eabi/12.3.1/../../../../arm-none-eabi/lib/thumb/v7e-m+fp/hard\libc_nano.a(libc_a-impure.o)
 .ARM.attributes
                0x0000072b       0x34 C:/ST/STM32CubeIDE_1.16.1/STM32CubeIDE/plugins/com.st.stm32cube.ide.mcu.externaltools.gnu-tools-for-stm32.12.3.rel1.win32_1.0.200.202406191623/tools/bin/../lib/gcc/arm-none-eabi/12.3.1/../../../../arm-none-eabi/lib/thumb/v7e-m+fp/hard\libc_nano.a(libc_a-sbrkr.o)
 .ARM.attributes
                0x0000075f       0x34 C:/ST/STM32CubeIDE_1.16.1/STM32CubeIDE/plugins/com.st.stm32cube.ide.mcu.externaltools.gnu-tools-for-stm32.12.3.rel1.win32_1.0.200.202406191623/tools/bin/../lib/gcc/arm-none-eabi/12.3.1/../../../../arm-none-eabi/lib/thumb/v7e-m+fp/hard\libc_nano.a(libc_a-errno.o)
 .ARM.attributes
                0x00000793       0x34 C:/ST/STM32CubeIDE_1.16.1/STM32CubeIDE/plugins/com.st.stm32cube.ide.mcu.externaltools.gnu-tools-for-stm32.12.3.rel1.win32_1.0.200.202406191623/tools/bin/../lib/gcc/arm-none-eabi/12.3.1/../../../../arm-none-eabi/lib/thumb/v7e-m+fp/hard\libc_nano.a(libc_a-init.o)
 .ARM.attributes
                0x000007c7       0x34 C:/ST/STM32CubeIDE_1.16.1/STM32CubeIDE/plugins/com.st.stm32cube.ide.mcu.externaltools.gnu-tools-for-stm32.12.3.rel1.win32_1.0.200.202406191623/tools/bin/../lib/gcc/arm-none-eabi/12.3.1/../../../../arm-none-eabi/lib/thumb/v7e-m+fp/hard\libc_nano.a(libc_a-lock.o)
 .ARM.attributes
                0x000007fb       0x34 C:/ST/STM32CubeIDE_1.16.1/STM32CubeIDE/plugins/com.st.stm32cube.ide.mcu.externaltools.gnu-tools-for-stm32.12.3.rel1.win32_1.0.200.202406191623/tools/bin/../lib/gcc/arm-none-eabi/12.3.1/../../../../arm-none-eabi/lib/thumb/v7e-m+fp/hard\libc_nano.a(libc_a-freer.o)
 .ARM.attributes
                0x0000082f       0x22 C:/ST/STM32CubeIDE_1.16.1/STM32CubeIDE/plugins/com.st.stm32cube.ide.mcu.externaltools.gnu-tools-for-stm32.12.3.rel1.win32_1.0.200.202406191623/tools/bin/../lib/gcc/arm-none-eabi/12.3.1/thumb/v7e-m+fp/hard\libgcc.a(_aeabi_uldivmod.o)
 .ARM.attributes
                0x00000851       0x34 C:/ST/STM32CubeIDE_1.16.1/STM32CubeIDE/plugins/com.st.stm32cube.ide.mcu.externaltools.gnu-tools-for-stm32.12.3.rel1.win32_1.0.200.202406191623/tools/bin/../lib/gcc/arm-none-eabi/12.3.1/thumb/v7e-m+fp/hard\libgcc.a(_udivmoddi4.o)
 .ARM.attributes
                0x00000885       0x22 C:/ST/STM32CubeIDE_1.16.1/STM32CubeIDE/plugins/com.st.stm32cube.ide.mcu.externaltools.gnu-tools-for-stm32.12.3.rel1.win32_1.0.200.202406191623/tools/bin/../lib/gcc/arm-none-eabi/12.3.1/thumb/v7e-m+fp/hard\libgcc.a(_dvmd_tls.o)
 .ARM.attributes
                0x000008a7       0x22 C:/ST/STM32CubeIDE_1.16.1/STM32CubeIDE/plugins/com.st.stm32cube.ide.mcu.externaltools.gnu-tools-for-stm32.12.3.rel1.win32_1.0.200.202406191623/tools/bin/../lib/gcc/arm-none-eabi/12.3.1/thumb/v7e-m+fp/hard/crtn.o
OUTPUT(OtonomArabaPrototip.elf elf32-littlearm)
LOAD linker stubs
LOAD C:/ST/STM32CubeIDE_1.16.1/STM32CubeIDE/plugins/com.st.stm32cube.ide.mcu.externaltools.gnu-tools-for-stm32.12.3.rel1.win32_1.0.200.202406191623/tools/bin/../lib/gcc/arm-none-eabi/12.3.1/../../../../arm-none-eabi/lib/thumb/v7e-m+fp/hard\libc.a
LOAD C:/ST/STM32CubeIDE_1.16.1/STM32CubeIDE/plugins/com.st.stm32cube.ide.mcu.externaltools.gnu-tools-for-stm32.12.3.rel1.win32_1.0.200.202406191623/tools/bin/../lib/gcc/arm-none-eabi/12.3.1/../../../../arm-none-eabi/lib/thumb/v7e-m+fp/hard\libm.a
LOAD C:/ST/STM32CubeIDE_1.16.1/STM32CubeIDE/plugins/com.st.stm32cube.ide.mcu.externaltools.gnu-tools-for-stm32.12.3.rel1.win32_1.0.200.202406191623/tools/bin/../lib/gcc/arm-none-eabi/12.3.1/thumb/v7e-m+fp/hard\libgcc.a

.debug_info     0x00000000    0x18da6
 .debug_info    0x00000000     0x1614 ./Core/Src/main.o
 .debug_info    0x00001614      0x87b ./Core/Src/movent.o
 .debug_info    0x00001e8f       0xf5 ./Core/Src/readdata.o
 .debug_info    0x00001f84     0x136c ./Core/Src/stm32f4xx_hal_msp.o
 .debug_info    0x000032f0      0xf03 ./Core/Src/stm32f4xx_it.o
 .debug_info    0x000041f3      0x168 ./Core/Src/sysmem.o
 .debug_info    0x0000435b      0x512 ./Core/Src/system_stm32f4xx.o
 .debug_info    0x0000486d       0x30 ./Core/Startup/startup_stm32f407vgtx.o
 .debug_info    0x0000489d      0x944 ./Drivers/STM32F4xx_HAL_Driver/Src/stm32f4xx_hal.o
 .debug_info    0x000051e1      0xd8c ./Drivers/STM32F4xx_HAL_Driver/Src/stm32f4xx_hal_cortex.o
 .debug_info    0x00005f6d      0x8e7 ./Drivers/STM32F4xx_HAL_Driver/Src/stm32f4xx_hal_dma.o
 .debug_info    0x00006854      0x6c3 ./Drivers/STM32F4xx_HAL_Driver/Src/stm32f4xx_hal_gpio.o
 .debug_info    0x00006f17     0x114c ./Drivers/STM32F4xx_HAL_Driver/Src/stm32f4xx_hal_hcd.o
 .debug_info    0x00008063     0x2415 ./Drivers/STM32F4xx_HAL_Driver/Src/stm32f4xx_hal_i2c.o
 .debug_info    0x0000a478      0x8af ./Drivers/STM32F4xx_HAL_Driver/Src/stm32f4xx_hal_rcc.o
 .debug_info    0x0000ad27     0x1525 ./Drivers/STM32F4xx_HAL_Driver/Src/stm32f4xx_hal_spi.o
 .debug_info    0x0000c24c     0x299d ./Drivers/STM32F4xx_HAL_Driver/Src/stm32f4xx_hal_tim.o
 .debug_info    0x0000ebe9     0x14db ./Drivers/STM32F4xx_HAL_Driver/Src/stm32f4xx_hal_tim_ex.o
 .debug_info    0x000100c4     0x1993 ./Drivers/STM32F4xx_HAL_Driver/Src/stm32f4xx_ll_usb.o
 .debug_info    0x00011a57     0x1470 ./Middlewares/ST/STM32_USB_Host_Library/Class/CDC/Src/usbh_cdc.o
 .debug_info    0x00012ec7      0xfb2 ./Middlewares/ST/STM32_USB_Host_Library/Core/Src/usbh_core.o
 .debug_info    0x00013e79      0xfa6 ./Middlewares/ST/STM32_USB_Host_Library/Core/Src/usbh_ctlreq.o
 .debug_info    0x00014e1f      0xc2b ./Middlewares/ST/STM32_USB_Host_Library/Core/Src/usbh_ioreq.o
 .debug_info    0x00015a4a      0xa8e ./Middlewares/ST/STM32_USB_Host_Library/Core/Src/usbh_pipes.o
 .debug_info    0x000164d8      0xa10 ./USB_HOST/App/usb_host.o
 .debug_info    0x00016ee8     0x1ce6 ./USB_HOST/Target/usbh_conf.o
 .debug_info    0x00018bce      0x1d8 ./USB_HOST/Target/usbh_platform.o

.debug_abbrev   0x00000000     0x3ce5
 .debug_abbrev  0x00000000      0x31d ./Core/Src/main.o
 .debug_abbrev  0x0000031d      0x21e ./Core/Src/movent.o
 .debug_abbrev  0x0000053b       0xa4 ./Core/Src/readdata.o
 .debug_abbrev  0x000005df      0x220 ./Core/Src/stm32f4xx_hal_msp.o
 .debug_abbrev  0x000007ff      0x1f2 ./Core/Src/stm32f4xx_it.o
 .debug_abbrev  0x000009f1       0xbc ./Core/Src/sysmem.o
 .debug_abbrev  0x00000aad      0x11a ./Core/Src/system_stm32f4xx.o
 .debug_abbrev  0x00000bc7       0x24 ./Core/Startup/startup_stm32f407vgtx.o
 .debug_abbrev  0x00000beb      0x214 ./Drivers/STM32F4xx_HAL_Driver/Src/stm32f4xx_hal.o
 .debug_abbrev  0x00000dff      0x31d ./Drivers/STM32F4xx_HAL_Driver/Src/stm32f4xx_hal_cortex.o
 .debug_abbrev  0x0000111c      0x264 ./Drivers/STM32F4xx_HAL_Driver/Src/stm32f4xx_hal_dma.o
 .debug_abbrev  0x00001380      0x1d4 ./Drivers/STM32F4xx_HAL_Driver/Src/stm32f4xx_hal_gpio.o
 .debug_abbrev  0x00001554      0x296 ./Drivers/STM32F4xx_HAL_Driver/Src/stm32f4xx_hal_hcd.o
 .debug_abbrev  0x000017ea      0x2ad ./Drivers/STM32F4xx_HAL_Driver/Src/stm32f4xx_hal_i2c.o
 .debug_abbrev  0x00001a97      0x2b7 ./Drivers/STM32F4xx_HAL_Driver/Src/stm32f4xx_hal_rcc.o
 .debug_abbrev  0x00001d4e      0x27a ./Drivers/STM32F4xx_HAL_Driver/Src/stm32f4xx_hal_spi.o
 .debug_abbrev  0x00001fc8      0x278 ./Drivers/STM32F4xx_HAL_Driver/Src/stm32f4xx_hal_tim.o
 .debug_abbrev  0x00002240      0x283 ./Drivers/STM32F4xx_HAL_Driver/Src/stm32f4xx_hal_tim_ex.o
 .debug_abbrev  0x000024c3      0x2b3 ./Drivers/STM32F4xx_HAL_Driver/Src/stm32f4xx_ll_usb.o
 .debug_abbrev  0x00002776      0x33c ./Middlewares/ST/STM32_USB_Host_Library/Class/CDC/Src/usbh_cdc.o
 .debug_abbrev  0x00002ab2      0x32a ./Middlewares/ST/STM32_USB_Host_Library/Core/Src/usbh_core.o
 .debug_abbrev  0x00002ddc      0x2ff ./Middlewares/ST/STM32_USB_Host_Library/Core/Src/usbh_ctlreq.o
 .debug_abbrev  0x000030db      0x245 ./Middlewares/ST/STM32_USB_Host_Library/Core/Src/usbh_ioreq.o
 .debug_abbrev  0x00003320      0x281 ./Middlewares/ST/STM32_USB_Host_Library/Core/Src/usbh_pipes.o
 .debug_abbrev  0x000035a1      0x26e ./USB_HOST/App/usb_host.o
 .debug_abbrev  0x0000380f      0x3c2 ./USB_HOST/Target/usbh_conf.o
 .debug_abbrev  0x00003bd1      0x114 ./USB_HOST/Target/usbh_platform.o

.debug_aranges  0x00000000     0x15e0
 .debug_aranges
                0x00000000       0x70 ./Core/Src/main.o
 .debug_aranges
                0x00000070       0x48 ./Core/Src/movent.o
 .debug_aranges
                0x000000b8       0x28 ./Core/Src/readdata.o
 .debug_aranges
                0x000000e0       0x58 ./Core/Src/stm32f4xx_hal_msp.o
 .debug_aranges
                0x00000138       0x80 ./Core/Src/stm32f4xx_it.o
 .debug_aranges
                0x000001b8       0x20 ./Core/Src/sysmem.o
 .debug_aranges
                0x000001d8       0x28 ./Core/Src/system_stm32f4xx.o
 .debug_aranges
                0x00000200       0x28 ./Core/Startup/startup_stm32f407vgtx.o
 .debug_aranges
                0x00000228       0xf0 ./Drivers/STM32F4xx_HAL_Driver/Src/stm32f4xx_hal.o
 .debug_aranges
                0x00000318      0x130 ./Drivers/STM32F4xx_HAL_Driver/Src/stm32f4xx_hal_cortex.o
 .debug_aranges
                0x00000448       0x90 ./Drivers/STM32F4xx_HAL_Driver/Src/stm32f4xx_hal_dma.o
 .debug_aranges
                0x000004d8       0x58 ./Drivers/STM32F4xx_HAL_Driver/Src/stm32f4xx_hal_gpio.o
 .debug_aranges
                0x00000530      0x108 ./Drivers/STM32F4xx_HAL_Driver/Src/stm32f4xx_hal_hcd.o
 .debug_aranges
                0x00000638      0x2a8 ./Drivers/STM32F4xx_HAL_Driver/Src/stm32f4xx_hal_i2c.o
 .debug_aranges
                0x000008e0       0x88 ./Drivers/STM32F4xx_HAL_Driver/Src/stm32f4xx_hal_rcc.o
 .debug_aranges
                0x00000968      0x1d0 ./Drivers/STM32F4xx_HAL_Driver/Src/stm32f4xx_hal_spi.o
 .debug_aranges
                0x00000b38      0x3d0 ./Drivers/STM32F4xx_HAL_Driver/Src/stm32f4xx_hal_tim.o
 .debug_aranges
                0x00000f08      0x168 ./Drivers/STM32F4xx_HAL_Driver/Src/stm32f4xx_hal_tim_ex.o
 .debug_aranges
                0x00001070      0x1a0 ./Drivers/STM32F4xx_HAL_Driver/Src/stm32f4xx_ll_usb.o
 .debug_aranges
                0x00001210       0xa8 ./Middlewares/ST/STM32_USB_Host_Library/Class/CDC/Src/usbh_cdc.o
 .debug_aranges
                0x000012b8       0xc0 ./Middlewares/ST/STM32_USB_Host_Library/Core/Src/usbh_core.o
 .debug_aranges
                0x00001378       0xa0 ./Middlewares/ST/STM32_USB_Host_Library/Core/Src/usbh_ctlreq.o
 .debug_aranges
                0x00001418       0x60 ./Middlewares/ST/STM32_USB_Host_Library/Core/Src/usbh_ioreq.o
 .debug_aranges
                0x00001478       0x40 ./Middlewares/ST/STM32_USB_Host_Library/Core/Src/usbh_pipes.o
 .debug_aranges
                0x000014b8       0x30 ./USB_HOST/App/usb_host.o
 .debug_aranges
                0x000014e8       0xd8 ./USB_HOST/Target/usbh_conf.o
 .debug_aranges
                0x000015c0       0x20 ./USB_HOST/Target/usbh_platform.o

.debug_rnglists
                0x00000000     0x10e2
 .debug_rnglists
                0x00000000       0x54 ./Core/Src/main.o
 .debug_rnglists
                0x00000054       0x32 ./Core/Src/movent.o
 .debug_rnglists
                0x00000086       0x19 ./Core/Src/readdata.o
 .debug_rnglists
                0x0000009f       0x41 ./Core/Src/stm32f4xx_hal_msp.o
 .debug_rnglists
                0x000000e0       0x5b ./Core/Src/stm32f4xx_it.o
 .debug_rnglists
                0x0000013b       0x13 ./Core/Src/sysmem.o
 .debug_rnglists
                0x0000014e       0x1a ./Core/Src/system_stm32f4xx.o
 .debug_rnglists
                0x00000168       0x19 ./Core/Startup/startup_stm32f407vgtx.o
 .debug_rnglists
                0x00000181       0xaf ./Drivers/STM32F4xx_HAL_Driver/Src/stm32f4xx_hal.o
 .debug_rnglists
                0x00000230       0xe0 ./Drivers/STM32F4xx_HAL_Driver/Src/stm32f4xx_hal_cortex.o
 .debug_rnglists
                0x00000310       0x70 ./Drivers/STM32F4xx_HAL_Driver/Src/stm32f4xx_hal_dma.o
 .debug_rnglists
                0x00000380       0x3f ./Drivers/STM32F4xx_HAL_Driver/Src/stm32f4xx_hal_gpio.o
 .debug_rnglists
                0x000003bf       0xca ./Drivers/STM32F4xx_HAL_Driver/Src/stm32f4xx_hal_hcd.o
 .debug_rnglists
                0x00000489      0x23c ./Drivers/STM32F4xx_HAL_Driver/Src/stm32f4xx_hal_i2c.o
 .debug_rnglists
                0x000006c5       0x66 ./Drivers/STM32F4xx_HAL_Driver/Src/stm32f4xx_hal_rcc.o
 .debug_rnglists
                0x0000072b      0x16f ./Drivers/STM32F4xx_HAL_Driver/Src/stm32f4xx_hal_spi.o
 .debug_rnglists
                0x0000089a      0x31a ./Drivers/STM32F4xx_HAL_Driver/Src/stm32f4xx_hal_tim.o
 .debug_rnglists
                0x00000bb4      0x125 ./Drivers/STM32F4xx_HAL_Driver/Src/stm32f4xx_hal_tim_ex.o
 .debug_rnglists
                0x00000cd9      0x147 ./Drivers/STM32F4xx_HAL_Driver/Src/stm32f4xx_ll_usb.o
 .debug_rnglists
                0x00000e20       0x7e ./Middlewares/ST/STM32_USB_Host_Library/Class/CDC/Src/usbh_cdc.o
 .debug_rnglists
                0x00000e9e       0x8f ./Middlewares/ST/STM32_USB_Host_Library/Core/Src/usbh_core.o
 .debug_rnglists
                0x00000f2d       0x77 ./Middlewares/ST/STM32_USB_Host_Library/Core/Src/usbh_ctlreq.o
 .debug_rnglists
                0x00000fa4       0x43 ./Middlewares/ST/STM32_USB_Host_Library/Core/Src/usbh_ioreq.o
 .debug_rnglists
                0x00000fe7       0x2b ./Middlewares/ST/STM32_USB_Host_Library/Core/Src/usbh_pipes.o
 .debug_rnglists
                0x00001012       0x1f ./USB_HOST/App/usb_host.o
 .debug_rnglists
                0x00001031       0x9e ./USB_HOST/Target/usbh_conf.o
 .debug_rnglists
                0x000010cf       0x13 ./USB_HOST/Target/usbh_platform.o

.debug_macro    0x00000000    0x24b5e
 .debug_macro   0x00000000      0x32e ./Core/Src/main.o
 .debug_macro   0x0000032e      0xab4 ./Core/Src/main.o
 .debug_macro   0x00000de2      0x2a7 ./Core/Src/main.o
 .debug_macro   0x00001089       0x2e ./Core/Src/main.o
 .debug_macro   0x000010b7       0x2f ./Core/Src/main.o
 .debug_macro   0x000010e6       0x22 ./Core/Src/main.o
 .debug_macro   0x00001108       0x8e ./Core/Src/main.o
 .debug_macro   0x00001196       0x51 ./Core/Src/main.o
 .debug_macro   0x000011e7      0x103 ./Core/Src/main.o
 .debug_macro   0x000012ea       0x6a ./Core/Src/main.o
 .debug_macro   0x00001354      0x1df ./Core/Src/main.o
 .debug_macro   0x00001533       0x1c ./Core/Src/main.o
 .debug_macro   0x0000154f       0x22 ./Core/Src/main.o
 .debug_macro   0x00001571       0xfb ./Core/Src/main.o
 .debug_macro   0x0000166c     0x1011 ./Core/Src/main.o
 .debug_macro   0x0000267d      0x11f ./Core/Src/main.o
 .debug_macro   0x0000279c    0x15e97 ./Core/Src/main.o
 .debug_macro   0x00018633       0x6d ./Core/Src/main.o
 .debug_macro   0x000186a0     0x369a ./Core/Src/main.o
 .debug_macro   0x0001bd3a      0x189 ./Core/Src/main.o
 .debug_macro   0x0001bec3       0x5c ./Core/Src/main.o
 .debug_macro   0x0001bf1f      0x980 ./Core/Src/main.o
 .debug_macro   0x0001c89f      0x9e9 ./Core/Src/main.o
 .debug_macro   0x0001d288      0x115 ./Core/Src/main.o
 .debug_macro   0x0001d39d      0x13e ./Core/Src/main.o
 .debug_macro   0x0001d4db       0xa5 ./Core/Src/main.o
 .debug_macro   0x0001d580      0x174 ./Core/Src/main.o
 .debug_macro   0x0001d6f4      0x287 ./Core/Src/main.o
 .debug_macro   0x0001d97b       0x5f ./Core/Src/main.o
 .debug_macro   0x0001d9da      0x236 ./Core/Src/main.o
 .debug_macro   0x0001dc10      0x12c ./Core/Src/main.o
 .debug_macro   0x0001dd3c      0x21e ./Core/Src/main.o
 .debug_macro   0x0001df5a       0x2e ./Core/Src/main.o
 .debug_macro   0x0001df88      0x1b5 ./Core/Src/main.o
 .debug_macro   0x0001e13d       0xd6 ./Core/Src/main.o
 .debug_macro   0x0001e213      0x127 ./Core/Src/main.o
 .debug_macro   0x0001e33a       0x7e ./Core/Src/main.o
 .debug_macro   0x0001e3b8       0x89 ./Core/Src/main.o
 .debug_macro   0x0001e441      0x225 ./Core/Src/main.o
 .debug_macro   0x0001e666      0x8ed ./Core/Src/main.o
 .debug_macro   0x0001ef53       0x4d ./Core/Src/main.o
 .debug_macro   0x0001efa0      0x293 ./Core/Src/main.o
 .debug_macro   0x0001f233       0x98 ./Core/Src/main.o
 .debug_macro   0x0001f2cb      0x12d ./Core/Src/main.o
 .debug_macro   0x0001f3f8      0x200 ./Core/Src/main.o
 .debug_macro   0x0001f5f8       0x2a ./Core/Src/main.o
 .debug_macro   0x0001f622       0x61 ./Core/Src/main.o
 .debug_macro   0x0001f683       0x43 ./Core/Src/main.o
 .debug_macro   0x0001f6c6       0x34 ./Core/Src/main.o
 .debug_macro   0x0001f6fa       0x16 ./Core/Src/main.o
 .debug_macro   0x0001f710       0x35 ./Core/Src/main.o
 .debug_macro   0x0001f745       0x16 ./Core/Src/main.o
 .debug_macro   0x0001f75b       0x43 ./Core/Src/main.o
 .debug_macro   0x0001f79e       0x34 ./Core/Src/main.o
 .debug_macro   0x0001f7d2       0x10 ./Core/Src/main.o
 .debug_macro   0x0001f7e2       0x58 ./Core/Src/main.o
 .debug_macro   0x0001f83a       0x8e ./Core/Src/main.o
 .debug_macro   0x0001f8c8       0x1c ./Core/Src/main.o
 .debug_macro   0x0001f8e4      0x177 ./Core/Src/main.o
 .debug_macro   0x0001fa5b      0x369 ./Core/Src/main.o
 .debug_macro   0x0001fdc4       0x16 ./Core/Src/main.o
 .debug_macro   0x0001fdda       0x29 ./Core/Src/main.o
 .debug_macro   0x0001fe03       0x16 ./Core/Src/main.o
 .debug_macro   0x0001fe19       0x20 ./Core/Src/main.o
 .debug_macro   0x0001fe39      0x2da ./Core/Src/movent.o
 .debug_macro   0x00020113       0x5b ./Core/Src/movent.o
 .debug_macro   0x0002016e       0x94 ./Core/Src/movent.o
 .debug_macro   0x00020202      0x11c ./Core/Src/movent.o
 .debug_macro   0x0002031e       0x94 ./Core/Src/movent.o
 .debug_macro   0x000203b2       0x57 ./Core/Src/movent.o
 .debug_macro   0x00020409       0x56 ./Core/Src/movent.o
 .debug_macro   0x0002045f      0x206 ./Core/Src/movent.o
 .debug_macro   0x00020665      0x13d ./Core/Src/readdata.o
 .debug_macro   0x000207a2      0x210 ./Core/Src/stm32f4xx_hal_msp.o
 .debug_macro   0x000209b2      0x21a ./Core/Src/stm32f4xx_it.o
 .debug_macro   0x00020bcc       0xff ./Core/Src/sysmem.o
 .debug_macro   0x00020ccb      0x23c ./Core/Src/sysmem.o
 .debug_macro   0x00020f07      0x201 ./Core/Src/system_stm32f4xx.o
 .debug_macro   0x00021108      0x261 ./Drivers/STM32F4xx_HAL_Driver/Src/stm32f4xx_hal.o
 .debug_macro   0x00021369      0x201 ./Drivers/STM32F4xx_HAL_Driver/Src/stm32f4xx_hal_cortex.o
 .debug_macro   0x0002156a      0x207 ./Drivers/STM32F4xx_HAL_Driver/Src/stm32f4xx_hal_dma.o
 .debug_macro   0x00021771      0x207 ./Drivers/STM32F4xx_HAL_Driver/Src/stm32f4xx_hal_gpio.o
 .debug_macro   0x00021978      0x201 ./Drivers/STM32F4xx_HAL_Driver/Src/stm32f4xx_hal_hcd.o
 .debug_macro   0x00021b79      0x24f ./Drivers/STM32F4xx_HAL_Driver/Src/stm32f4xx_hal_i2c.o
 .debug_macro   0x00021dc8      0x225 ./Drivers/STM32F4xx_HAL_Driver/Src/stm32f4xx_hal_rcc.o
 .debug_macro   0x00021fed      0x210 ./Drivers/STM32F4xx_HAL_Driver/Src/stm32f4xx_hal_spi.o
 .debug_macro   0x000221fd      0x202 ./Drivers/STM32F4xx_HAL_Driver/Src/stm32f4xx_hal_tim.o
 .debug_macro   0x000223ff      0x201 ./Drivers/STM32F4xx_HAL_Driver/Src/stm32f4xx_hal_tim_ex.o
 .debug_macro   0x00022600      0x201 ./Drivers/STM32F4xx_HAL_Driver/Src/stm32f4xx_ll_usb.o
 .debug_macro   0x00022801      0x3a8 ./Middlewares/ST/STM32_USB_Host_Library/Class/CDC/Src/usbh_cdc.o
 .debug_macro   0x00022ba9       0x16 ./Middlewares/ST/STM32_USB_Host_Library/Class/CDC/Src/usbh_cdc.o
 .debug_macro   0x00022bbf       0x9e ./Middlewares/ST/STM32_USB_Host_Library/Class/CDC/Src/usbh_cdc.o
 .debug_macro   0x00022c5d      0x10b ./Middlewares/ST/STM32_USB_Host_Library/Class/CDC/Src/usbh_cdc.o
 .debug_macro   0x00022d68       0x16 ./Middlewares/ST/STM32_USB_Host_Library/Class/CDC/Src/usbh_cdc.o
 .debug_macro   0x00022d7e       0x73 ./Middlewares/ST/STM32_USB_Host_Library/Class/CDC/Src/usbh_cdc.o
 .debug_macro   0x00022df1      0x233 ./Middlewares/ST/STM32_USB_Host_Library/Class/CDC/Src/usbh_cdc.o
 .debug_macro   0x00023024       0x2e ./Middlewares/ST/STM32_USB_Host_Library/Class/CDC/Src/usbh_cdc.o
 .debug_macro   0x00023052       0x2e ./Middlewares/ST/STM32_USB_Host_Library/Class/CDC/Src/usbh_cdc.o
 .debug_macro   0x00023080       0x28 ./Middlewares/ST/STM32_USB_Host_Library/Class/CDC/Src/usbh_cdc.o
 .debug_macro   0x000230a8      0x15b ./Middlewares/ST/STM32_USB_Host_Library/Class/CDC/Src/usbh_cdc.o
 .debug_macro   0x00023203      0x3a5 ./Middlewares/ST/STM32_USB_Host_Library/Core/Src/usbh_core.o
 .debug_macro   0x000235a8      0x39d ./Middlewares/ST/STM32_USB_Host_Library/Core/Src/usbh_ctlreq.o
 .debug_macro   0x00023945       0x28 ./Middlewares/ST/STM32_USB_Host_Library/Core/Src/usbh_ctlreq.o
 .debug_macro   0x0002396d      0x397 ./Middlewares/ST/STM32_USB_Host_Library/Core/Src/usbh_ioreq.o
 .debug_macro   0x00023d04      0x397 ./Middlewares/ST/STM32_USB_Host_Library/Core/Src/usbh_pipes.o
 .debug_macro   0x0002409b      0x3a6 ./USB_HOST/App/usb_host.o
 .debug_macro   0x00024441      0x161 ./USB_HOST/App/usb_host.o
 .debug_macro   0x000245a2      0x3a7 ./USB_HOST/Target/usbh_conf.o
 .debug_macro   0x00024949      0x215 ./USB_HOST/Target/usbh_platform.o

.debug_line     0x00000000    0x1c741
 .debug_line    0x00000000      0xcac ./Core/Src/main.o
 .debug_line    0x00000cac      0x9ef ./Core/Src/movent.o
 .debug_line    0x0000169b      0x5a3 ./Core/Src/readdata.o
 .debug_line    0x00001c3e      0x93b ./Core/Src/stm32f4xx_hal_msp.o
 .debug_line    0x00002579      0x8ce ./Core/Src/stm32f4xx_it.o
 .debug_line    0x00002e47      0x583 ./Core/Src/sysmem.o
 .debug_line    0x000033ca      0x830 ./Core/Src/system_stm32f4xx.o
 .debug_line    0x00003bfa       0x7a ./Core/Startup/startup_stm32f407vgtx.o