../Core/Src/main.c:84:5:main	24	static
../Core/Src/main.c:160:6:SystemClock_Config	88	static
../Core/Src/main.c:206:13:MX_I2C1_Init	8	static
../Core/Src/main.c:240:13:MX_SPI1_Init	8	static
../Core/Src/main.c:278:13:MX_SPI2_Init	8	static
../Core/Src/main.c:315:13:MX_TIM2_Init	64	static
../Core/Src/main.c:386:13:MX_TIM3_Init	64	static
../Core/Src/main.c:445:13:MX_GPIO_Init	56	static
../Core/Src/main.c:561:6:SPI_Slave_Receive	8	static
../Core/Src/main.c:572:6:HAL_SPI_RxCpltCallback	16	static
../Core/Src/main.c:588:6:Error_Handler	4	static,ignoring_inline_asm
